Archive member included to satisfy reference by file (symbol)

.\CortexM0\ARM_GCC_541\Debug\Design01.a(CyLib.o)
                              .\CortexM0\ARM_GCC_541\Debug\cyfitter_cfg.o (CySysClkWriteImoFreq)
.\CortexM0\ARM_GCC_541\Debug\Design01.a(CyLFClk.o)
                              .\CortexM0\ARM_GCC_541\Debug\cyfitter_cfg.o (CySysWdtIsr)
.\CortexM0\ARM_GCC_541\Debug\Design01.a(I2C_1.o)
                              .\CortexM0\ARM_GCC_541\Debug\main.o (I2C_1_Start)
.\CortexM0\ARM_GCC_541\Debug\Design01.a(I2C_1_I2C.o)
                              .\CortexM0\ARM_GCC_541\Debug\Design01.a(I2C_1.o) (I2C_1_I2CInit)
.\CortexM0\ARM_GCC_541\Debug\Design01.a(I2C_1_I2C_MASTER.o)
                              .\CortexM0\ARM_GCC_541\Debug\Design01.a(I2C_1_I2C.o) (I2C_1_mstrStatus)
.\CortexM0\ARM_GCC_541\Debug\Design01.a(I2C_1_sda.o)
                              .\CortexM0\ARM_GCC_541\Debug\Design01.a(I2C_1_I2C_MASTER.o) (I2C_1_sda_Read)
.\CortexM0\ARM_GCC_541\Debug\Design01.a(I2C_1_scl.o)
                              .\CortexM0\ARM_GCC_541\Debug\Design01.a(I2C_1_I2C_MASTER.o) (I2C_1_scl_Write)
.\CortexM0\ARM_GCC_541\Debug\Design01.a(UART_1.o)
                              .\CortexM0\ARM_GCC_541\Debug\main.o (UART_1_Start)
.\CortexM0\ARM_GCC_541\Debug\Design01.a(UART_1_SPI_UART.o)
                              .\CortexM0\ARM_GCC_541\Debug\main.o (UART_1_SpiUartWriteTxData)
.\CortexM0\ARM_GCC_541\Debug\Design01.a(UART_1_UART.o)
                              .\CortexM0\ARM_GCC_541\Debug\Design01.a(UART_1.o) (UART_1_UartInit)
.\CortexM0\ARM_GCC_541\Debug\Design01.a(CyBootAsmGnu.o)
                              .\CortexM0\ARM_GCC_541\Debug\Design01.a(CyLib.o) (CyDelayCycles)
.\CortexM0\ARM_GCC_541\Debug\Design01.a(I2C_1_I2C_INT.o)
                              .\CortexM0\ARM_GCC_541\Debug\Design01.a(I2C_1_I2C.o) (I2C_1_I2C_ISR)
c:/program files (x86)/cypress/psoc creator/4.2/psoc creator/import/gnu/arm/5.4.1/bin/../lib/gcc/arm-none-eabi/5.4.1/armv6-m\libgcc.a(_udivsi3.o)
                              .\CortexM0\ARM_GCC_541\Debug\Design01.a(CyLib.o) (__aeabi_uidiv)
c:/program files (x86)/cypress/psoc creator/4.2/psoc creator/import/gnu/arm/5.4.1/bin/../lib/gcc/arm-none-eabi/5.4.1/armv6-m\libgcc.a(_dvmd_tls.o)
                              c:/program files (x86)/cypress/psoc creator/4.2/psoc creator/import/gnu/arm/5.4.1/bin/../lib/gcc/arm-none-eabi/5.4.1/armv6-m\libgcc.a(_udivsi3.o) (__aeabi_idiv0)
c:/program files (x86)/cypress/psoc creator/4.2/psoc creator/import/gnu/arm/5.4.1/bin/../lib/gcc/arm-none-eabi/5.4.1/../../../../arm-none-eabi/lib/armv6-m\libg_nano.a(lib_a-errno.o)
                              .\CortexM0\ARM_GCC_541\Debug\Cm0Start.o (__errno)
c:/program files (x86)/cypress/psoc creator/4.2/psoc creator/import/gnu/arm/5.4.1/bin/../lib/gcc/arm-none-eabi/5.4.1/../../../../arm-none-eabi/lib/armv6-m\libg_nano.a(lib_a-exit.o)
                              c:/program files (x86)/cypress/psoc creator/4.2/psoc creator/import/gnu/arm/5.4.1/bin/../lib/gcc/arm-none-eabi/5.4.1/../../../../arm-none-eabi/lib/armv6-m/crt0.o (exit)
c:/program files (x86)/cypress/psoc creator/4.2/psoc creator/import/gnu/arm/5.4.1/bin/../lib/gcc/arm-none-eabi/5.4.1/../../../../arm-none-eabi/lib/armv6-m\libg_nano.a(lib_a-impure.o)
                              c:/program files (x86)/cypress/psoc creator/4.2/psoc creator/import/gnu/arm/5.4.1/bin/../lib/gcc/arm-none-eabi/5.4.1/../../../../arm-none-eabi/lib/armv6-m\libg_nano.a(lib_a-exit.o) (_global_impure_ptr)
c:/program files (x86)/cypress/psoc creator/4.2/psoc creator/import/gnu/arm/5.4.1/bin/../lib/gcc/arm-none-eabi/5.4.1/../../../../arm-none-eabi/lib/armv6-m\libg_nano.a(lib_a-init.o)
                              c:/program files (x86)/cypress/psoc creator/4.2/psoc creator/import/gnu/arm/5.4.1/bin/../lib/gcc/arm-none-eabi/5.4.1/../../../../arm-none-eabi/lib/armv6-m/crt0.o (__libc_init_array)
c:/program files (x86)/cypress/psoc creator/4.2/psoc creator/import/gnu/arm/5.4.1/bin/../lib/gcc/arm-none-eabi/5.4.1/../../../../arm-none-eabi/lib/armv6-m\libg_nano.a(lib_a-itoa.o)
                              .\CortexM0\ARM_GCC_541\Debug\main.o (itoa)
c:/program files (x86)/cypress/psoc creator/4.2/psoc creator/import/gnu/arm/5.4.1/bin/../lib/gcc/arm-none-eabi/5.4.1/../../../../arm-none-eabi/lib/armv6-m\libg_nano.a(lib_a-memcpy-stub.o)
                              .\CortexM0\ARM_GCC_541\Debug\cyfitter_cfg.o (memcpy)
c:/program files (x86)/cypress/psoc creator/4.2/psoc creator/import/gnu/arm/5.4.1/bin/../lib/gcc/arm-none-eabi/5.4.1/../../../../arm-none-eabi/lib/armv6-m\libg_nano.a(lib_a-memset.o)
                              c:/program files (x86)/cypress/psoc creator/4.2/psoc creator/import/gnu/arm/5.4.1/bin/../lib/gcc/arm-none-eabi/5.4.1/../../../../arm-none-eabi/lib/armv6-m/crt0.o (memset)
c:/program files (x86)/cypress/psoc creator/4.2/psoc creator/import/gnu/arm/5.4.1/bin/../lib/gcc/arm-none-eabi/5.4.1/../../../../arm-none-eabi/lib/armv6-m\libg_nano.a(lib_a-utoa.o)
                              c:/program files (x86)/cypress/psoc creator/4.2/psoc creator/import/gnu/arm/5.4.1/bin/../lib/gcc/arm-none-eabi/5.4.1/../../../../arm-none-eabi/lib/armv6-m\libg_nano.a(lib_a-itoa.o) (__utoa)

Allocating common symbols
Common symbol       size              file

I2C_1_mstrWrBufIndexTmp
                    0x4               .\CortexM0\ARM_GCC_541\Debug\Design01.a(I2C_1_I2C_MASTER.o)
I2C_1_mstrWrBufIndex
                    0x4               .\CortexM0\ARM_GCC_541\Debug\Design01.a(I2C_1_I2C_MASTER.o)
I2C_1_mstrControl   0x1               .\CortexM0\ARM_GCC_541\Debug\Design01.a(I2C_1_I2C_MASTER.o)
I2C_1_mstrStatus    0x2               .\CortexM0\ARM_GCC_541\Debug\Design01.a(I2C_1_I2C_MASTER.o)
I2C_1_mstrWrBufSize
                    0x4               .\CortexM0\ARM_GCC_541\Debug\Design01.a(I2C_1_I2C_MASTER.o)
I2C_1_mstrRdBufIndex
                    0x4               .\CortexM0\ARM_GCC_541\Debug\Design01.a(I2C_1_I2C_MASTER.o)
I2C_1_state         0x1               .\CortexM0\ARM_GCC_541\Debug\Design01.a(I2C_1_I2C.o)
I2C_1_mstrWrBufPtr  0x4               .\CortexM0\ARM_GCC_541\Debug\Design01.a(I2C_1_I2C_MASTER.o)
I2C_1_mstrRdBufPtr  0x4               .\CortexM0\ARM_GCC_541\Debug\Design01.a(I2C_1_I2C_MASTER.o)
I2C_1_mstrRdBufSize
                    0x4               .\CortexM0\ARM_GCC_541\Debug\Design01.a(I2C_1_I2C_MASTER.o)

Discarded input sections

 .text          0x00000000        0x0 c:/program files (x86)/cypress/psoc creator/4.2/psoc creator/import/gnu/arm/5.4.1/bin/../lib/gcc/arm-none-eabi/5.4.1/armv6-m/crti.o
 .data          0x00000000        0x0 c:/program files (x86)/cypress/psoc creator/4.2/psoc creator/import/gnu/arm/5.4.1/bin/../lib/gcc/arm-none-eabi/5.4.1/armv6-m/crti.o
 .bss           0x00000000        0x0 c:/program files (x86)/cypress/psoc creator/4.2/psoc creator/import/gnu/arm/5.4.1/bin/../lib/gcc/arm-none-eabi/5.4.1/armv6-m/crti.o
 .data          0x00000000        0x4 c:/program files (x86)/cypress/psoc creator/4.2/psoc creator/import/gnu/arm/5.4.1/bin/../lib/gcc/arm-none-eabi/5.4.1/armv6-m/crtbegin.o
 .text          0x00000000       0x78 c:/program files (x86)/cypress/psoc creator/4.2/psoc creator/import/gnu/arm/5.4.1/bin/../lib/gcc/arm-none-eabi/5.4.1/../../../../arm-none-eabi/lib/armv6-m/crt0.o
 .data          0x00000000        0x0 c:/program files (x86)/cypress/psoc creator/4.2/psoc creator/import/gnu/arm/5.4.1/bin/../lib/gcc/arm-none-eabi/5.4.1/../../../../arm-none-eabi/lib/armv6-m/crt0.o
 .bss           0x00000000        0x0 c:/program files (x86)/cypress/psoc creator/4.2/psoc creator/import/gnu/arm/5.4.1/bin/../lib/gcc/arm-none-eabi/5.4.1/../../../../arm-none-eabi/lib/armv6-m/crt0.o
 .ARM.extab     0x00000000        0x0 c:/program files (x86)/cypress/psoc creator/4.2/psoc creator/import/gnu/arm/5.4.1/bin/../lib/gcc/arm-none-eabi/5.4.1/../../../../arm-none-eabi/lib/armv6-m/crt0.o
 .ARM.exidx     0x00000000        0x8 c:/program files (x86)/cypress/psoc creator/4.2/psoc creator/import/gnu/arm/5.4.1/bin/../lib/gcc/arm-none-eabi/5.4.1/../../../../arm-none-eabi/lib/armv6-m/crt0.o
 .text          0x00000000        0x0 .\CortexM0\ARM_GCC_541\Debug\main.o
 .data          0x00000000        0x0 .\CortexM0\ARM_GCC_541\Debug\main.o
 .bss           0x00000000        0x0 .\CortexM0\ARM_GCC_541\Debug\main.o
 .text          0x00000000        0x0 .\CortexM0\ARM_GCC_541\Debug\i2c.o
 .data          0x00000000        0x0 .\CortexM0\ARM_GCC_541\Debug\i2c.o
 .bss           0x00000000        0x0 .\CortexM0\ARM_GCC_541\Debug\i2c.o
 .text          0x00000000        0x0 .\CortexM0\ARM_GCC_541\Debug\cyfitter_cfg.o
 .data          0x00000000        0x0 .\CortexM0\ARM_GCC_541\Debug\cyfitter_cfg.o
 .bss           0x00000000        0x0 .\CortexM0\ARM_GCC_541\Debug\cyfitter_cfg.o
 .text.CYCONFIGCPY
                0x00000000       0x20 .\CortexM0\ARM_GCC_541\Debug\cyfitter_cfg.o
 .text.CYCONFIGCPYCODE
                0x00000000       0x20 .\CortexM0\ARM_GCC_541\Debug\cyfitter_cfg.o
 .text          0x00000000        0x0 .\CortexM0\ARM_GCC_541\Debug\cymetadata.o
 .data          0x00000000        0x0 .\CortexM0\ARM_GCC_541\Debug\cymetadata.o
 .bss           0x00000000        0x0 .\CortexM0\ARM_GCC_541\Debug\cymetadata.o
 .text          0x00000000        0x0 .\CortexM0\ARM_GCC_541\Debug\Cm0Start.o
 .data          0x00000000        0x4 .\CortexM0\ARM_GCC_541\Debug\Cm0Start.o
 .bss           0x00000000        0x0 .\CortexM0\ARM_GCC_541\Debug\Cm0Start.o
 .text._exit    0x00000000       0x14 .\CortexM0\ARM_GCC_541\Debug\Cm0Start.o
 .text._sbrk    0x00000000       0x50 .\CortexM0\ARM_GCC_541\Debug\Cm0Start.o
 .text          0x00000000        0x0 .\CortexM0\ARM_GCC_541\Debug\Design01.a(CyLib.o)
 .bss           0x00000000       0x18 .\CortexM0\ARM_GCC_541\Debug\Design01.a(CyLib.o)
 .text.CySysClkImoStart
                0x00000000       0x1c .\CortexM0\ARM_GCC_541\Debug\Design01.a(CyLib.o)
 .text.CySysClkImoStop
                0x00000000       0x1c .\CortexM0\ARM_GCC_541\Debug\Design01.a(CyLib.o)
 .text.CySysClkWriteHfclkDirect
                0x00000000       0x48 .\CortexM0\ARM_GCC_541\Debug\Design01.a(CyLib.o)
 .text.CySysEnablePumpClock
                0x00000000       0x50 .\CortexM0\ARM_GCC_541\Debug\Design01.a(CyLib.o)
 .text.CySysClkGetSysclkSource
                0x00000000       0x34 .\CortexM0\ARM_GCC_541\Debug\Design01.a(CyLib.o)
 .text.CySysClkWriteSysclkDiv
                0x00000000       0x48 .\CortexM0\ARM_GCC_541\Debug\Design01.a(CyLib.o)
 .text.CySysLvdEnable
                0x00000000       0x64 .\CortexM0\ARM_GCC_541\Debug\Design01.a(CyLib.o)
 .text.CySysLvdDisable
                0x00000000       0x2c .\CortexM0\ARM_GCC_541\Debug\Design01.a(CyLib.o)
 .text.CySysLvdGetInterruptSource
                0x00000000       0x18 .\CortexM0\ARM_GCC_541\Debug\Design01.a(CyLib.o)
 .text.CySysLvdClearInterrupt
                0x00000000       0x14 .\CortexM0\ARM_GCC_541\Debug\Design01.a(CyLib.o)
 .text.CySysGetResetReason
                0x00000000       0x30 .\CortexM0\ARM_GCC_541\Debug\Design01.a(CyLib.o)
 .text.CyDisableInts
                0x00000000       0x24 .\CortexM0\ARM_GCC_541\Debug\Design01.a(CyLib.o)
 .text.CyEnableInts
                0x00000000       0x1c .\CortexM0\ARM_GCC_541\Debug\Design01.a(CyLib.o)
 .text.CyIntSetSysVector
                0x00000000       0x48 .\CortexM0\ARM_GCC_541\Debug\Design01.a(CyLib.o)
 .text.CyIntGetSysVector
                0x00000000       0x34 .\CortexM0\ARM_GCC_541\Debug\Design01.a(CyLib.o)
 .text.CyIntGetVector
                0x00000000       0x38 .\CortexM0\ARM_GCC_541\Debug\Design01.a(CyLib.o)
 .text.CyIntGetPriority
                0x00000000       0x58 .\CortexM0\ARM_GCC_541\Debug\Design01.a(CyLib.o)
 .text.CyIntGetState
                0x00000000       0x30 .\CortexM0\ARM_GCC_541\Debug\Design01.a(CyLib.o)
 .text.CyIntSetPending
                0x00000000       0x2c .\CortexM0\ARM_GCC_541\Debug\Design01.a(CyLib.o)
 .text.CyIntClearPending
                0x00000000       0x2c .\CortexM0\ARM_GCC_541\Debug\Design01.a(CyLib.o)
 .text.CySoftwareReset
                0x00000000       0x24 .\CortexM0\ARM_GCC_541\Debug\Design01.a(CyLib.o)
 .text.CyDelayFreq
                0x00000000       0x84 .\CortexM0\ARM_GCC_541\Debug\Design01.a(CyLib.o)
 .text.CySysTickStart
                0x00000000       0x24 .\CortexM0\ARM_GCC_541\Debug\Design01.a(CyLib.o)
 .text.CySysTickInit
                0x00000000       0x5c .\CortexM0\ARM_GCC_541\Debug\Design01.a(CyLib.o)
 .text.CySysTickEnable
                0x00000000       0x20 .\CortexM0\ARM_GCC_541\Debug\Design01.a(CyLib.o)
 .text.CySysTickStop
                0x00000000       0x1c .\CortexM0\ARM_GCC_541\Debug\Design01.a(CyLib.o)
 .text.CySysTickEnableInterrupt
                0x00000000       0x1c .\CortexM0\ARM_GCC_541\Debug\Design01.a(CyLib.o)
 .text.CySysTickDisableInterrupt
                0x00000000       0x1c .\CortexM0\ARM_GCC_541\Debug\Design01.a(CyLib.o)
 .text.CySysTickSetReload
                0x00000000       0x20 .\CortexM0\ARM_GCC_541\Debug\Design01.a(CyLib.o)
 .text.CySysTickGetReload
                0x00000000       0x18 .\CortexM0\ARM_GCC_541\Debug\Design01.a(CyLib.o)
 .text.CySysTickGetValue
                0x00000000       0x18 .\CortexM0\ARM_GCC_541\Debug\Design01.a(CyLib.o)
 .text.CySysTickGetCountFlag
                0x00000000       0x18 .\CortexM0\ARM_GCC_541\Debug\Design01.a(CyLib.o)
 .text.CySysTickClear
                0x00000000       0x14 .\CortexM0\ARM_GCC_541\Debug\Design01.a(CyLib.o)
 .text.CySysTickSetCallback
                0x00000000       0x2c .\CortexM0\ARM_GCC_541\Debug\Design01.a(CyLib.o)
 .text.CySysTickGetCallback
                0x00000000       0x1c .\CortexM0\ARM_GCC_541\Debug\Design01.a(CyLib.o)
 .text.CySysTickServiceCallbacks
                0x00000000       0x44 .\CortexM0\ARM_GCC_541\Debug\Design01.a(CyLib.o)
 .text.CyGetUniqueId
                0x00000000       0xc0 .\CortexM0\ARM_GCC_541\Debug\Design01.a(CyLib.o)
 .text          0x00000000        0x0 .\CortexM0\ARM_GCC_541\Debug\Design01.a(CyLFClk.o)
 .rodata        0x00000000        0xc .\CortexM0\ARM_GCC_541\Debug\Design01.a(CyLFClk.o)
 .text.CySysClkIloStart
                0x00000000       0x1c .\CortexM0\ARM_GCC_541\Debug\Design01.a(CyLFClk.o)
 .text.CySysClkIloStop
                0x00000000       0x4c .\CortexM0\ARM_GCC_541\Debug\Design01.a(CyLFClk.o)
 .text.CySysClkIloStartMeasurement
                0x00000000       0x40 .\CortexM0\ARM_GCC_541\Debug\Design01.a(CyLFClk.o)
 .text.CySysClkIloStopMeasurement
                0x00000000       0x20 .\CortexM0\ARM_GCC_541\Debug\Design01.a(CyLFClk.o)
 .text.CySysClkIloCompensate
                0x00000000      0x158 .\CortexM0\ARM_GCC_541\Debug\Design01.a(CyLFClk.o)
 .text.CySysClkIloEnabled
                0x00000000       0x1c .\CortexM0\ARM_GCC_541\Debug\Design01.a(CyLFClk.o)
 .text.CySysWdtGetEnabledStatus
                0x00000000       0x34 .\CortexM0\ARM_GCC_541\Debug\Design01.a(CyLFClk.o)
 .text.CySysWdtSetMode
                0x00000000       0x5c .\CortexM0\ARM_GCC_541\Debug\Design01.a(CyLFClk.o)
 .text.CySysWdtGetMode
                0x00000000       0x24 .\CortexM0\ARM_GCC_541\Debug\Design01.a(CyLFClk.o)
 .text.CySysWdtSetClearOnMatch
                0x00000000       0x6c .\CortexM0\ARM_GCC_541\Debug\Design01.a(CyLFClk.o)
 .text.CySysWdtGetClearOnMatch
                0x00000000       0x44 .\CortexM0\ARM_GCC_541\Debug\Design01.a(CyLFClk.o)
 .text.CySysWdtEnable
                0x00000000       0x64 .\CortexM0\ARM_GCC_541\Debug\Design01.a(CyLFClk.o)
 .text.CySysWdtDisable
                0x00000000       0x6c .\CortexM0\ARM_GCC_541\Debug\Design01.a(CyLFClk.o)
 .text.CySysWdtSetCascade
                0x00000000       0x58 .\CortexM0\ARM_GCC_541\Debug\Design01.a(CyLFClk.o)
 .text.CySysWdtGetCascade
                0x00000000       0x1c .\CortexM0\ARM_GCC_541\Debug\Design01.a(CyLFClk.o)
 .text.CySysWdtSetMatch
                0x00000000       0x6c .\CortexM0\ARM_GCC_541\Debug\Design01.a(CyLFClk.o)
 .text.CySysWdtSetToggleBit
                0x00000000       0x48 .\CortexM0\ARM_GCC_541\Debug\Design01.a(CyLFClk.o)
 .text.CySysWdtGetToggleBit
                0x00000000       0x18 .\CortexM0\ARM_GCC_541\Debug\Design01.a(CyLFClk.o)
 .text.CySysWdtGetMatch
                0x00000000       0x40 .\CortexM0\ARM_GCC_541\Debug\Design01.a(CyLFClk.o)
 .text.CySysWdtGetCount
                0x00000000       0x54 .\CortexM0\ARM_GCC_541\Debug\Design01.a(CyLFClk.o)
 .text.CySysWdtGetInterruptSource
                0x00000000       0x1c .\CortexM0\ARM_GCC_541\Debug\Design01.a(CyLFClk.o)
 .text.CySysWdtResetCounters
                0x00000000       0x34 .\CortexM0\ARM_GCC_541\Debug\Design01.a(CyLFClk.o)
 .text.CySysWdtSetInterruptCallback
                0x00000000       0x40 .\CortexM0\ARM_GCC_541\Debug\Design01.a(CyLFClk.o)
 .text.CySysWdtGetInterruptCallback
                0x00000000       0x34 .\CortexM0\ARM_GCC_541\Debug\Design01.a(CyLFClk.o)
 .text.CySysWdtEnableCounterIsr
                0x00000000       0x50 .\CortexM0\ARM_GCC_541\Debug\Design01.a(CyLFClk.o)
 .text.CySysWdtDisableCounterIsr
                0x00000000       0x3c .\CortexM0\ARM_GCC_541\Debug\Design01.a(CyLFClk.o)
 .text.CySysWatchdogFeed
                0x00000000       0x8c .\CortexM0\ARM_GCC_541\Debug\Design01.a(CyLFClk.o)
 .text.CySysClkLfclkPosedgeCatch
                0x00000000       0x98 .\CortexM0\ARM_GCC_541\Debug\Design01.a(CyLFClk.o)
 .text.CySysClkLfclkPosedgeRestore
                0x00000000       0x3c .\CortexM0\ARM_GCC_541\Debug\Design01.a(CyLFClk.o)
 .text.CySysTimerDelay
                0x00000000       0x68 .\CortexM0\ARM_GCC_541\Debug\Design01.a(CyLFClk.o)
 .text.CySysTimerDelayUntilMatch
                0x00000000       0xb0 .\CortexM0\ARM_GCC_541\Debug\Design01.a(CyLFClk.o)
 .text          0x00000000        0x0 .\CortexM0\ARM_GCC_541\Debug\Design01.a(I2C_1.o)
 .data          0x00000000        0x0 .\CortexM0\ARM_GCC_541\Debug\Design01.a(I2C_1.o)
 .text.I2C_1_Stop
                0x00000000       0x34 .\CortexM0\ARM_GCC_541\Debug\Design01.a(I2C_1.o)
 .text.I2C_1_SetRxFifoLevel
                0x00000000       0x34 .\CortexM0\ARM_GCC_541\Debug\Design01.a(I2C_1.o)
 .text.I2C_1_SetTxFifoLevel
                0x00000000       0x34 .\CortexM0\ARM_GCC_541\Debug\Design01.a(I2C_1.o)
 .text.I2C_1_SetCustomInterruptHandler
                0x00000000       0x1c .\CortexM0\ARM_GCC_541\Debug\Design01.a(I2C_1.o)
 .text.I2C_1_ScbModeStop
                0x00000000       0x10 .\CortexM0\ARM_GCC_541\Debug\Design01.a(I2C_1.o)
 .text.I2C_1_I2CSlaveNackGeneration
                0x00000000       0x54 .\CortexM0\ARM_GCC_541\Debug\Design01.a(I2C_1.o)
 .text          0x00000000        0x0 .\CortexM0\ARM_GCC_541\Debug\Design01.a(I2C_1_I2C.o)
 .data          0x00000000        0x0 .\CortexM0\ARM_GCC_541\Debug\Design01.a(I2C_1_I2C.o)
 .bss           0x00000000        0x0 .\CortexM0\ARM_GCC_541\Debug\Design01.a(I2C_1_I2C.o)
 .text.I2C_1_I2CStop
                0x00000000       0x28 .\CortexM0\ARM_GCC_541\Debug\Design01.a(I2C_1_I2C.o)
 .text          0x00000000        0x0 .\CortexM0\ARM_GCC_541\Debug\Design01.a(I2C_1_I2C_MASTER.o)
 .data          0x00000000        0x0 .\CortexM0\ARM_GCC_541\Debug\Design01.a(I2C_1_I2C_MASTER.o)
 .bss           0x00000000        0x0 .\CortexM0\ARM_GCC_541\Debug\Design01.a(I2C_1_I2C_MASTER.o)
 .text.I2C_1_I2CMasterSendStart
                0x00000000       0xf4 .\CortexM0\ARM_GCC_541\Debug\Design01.a(I2C_1_I2C_MASTER.o)
 .text.I2C_1_I2CMasterSendRestart
                0x00000000       0xa0 .\CortexM0\ARM_GCC_541\Debug\Design01.a(I2C_1_I2C_MASTER.o)
 .text.I2C_1_I2CMasterSendStop
                0x00000000       0x84 .\CortexM0\ARM_GCC_541\Debug\Design01.a(I2C_1_I2C_MASTER.o)
 .text.I2C_1_I2CMasterWriteByte
                0x00000000       0x74 .\CortexM0\ARM_GCC_541\Debug\Design01.a(I2C_1_I2C_MASTER.o)
 .text.I2C_1_I2CMasterReadByte
                0x00000000       0xb4 .\CortexM0\ARM_GCC_541\Debug\Design01.a(I2C_1_I2C_MASTER.o)
 .text.I2C_1_I2CMasterGetReadBufSize
                0x00000000       0x14 .\CortexM0\ARM_GCC_541\Debug\Design01.a(I2C_1_I2C_MASTER.o)
 .text.I2C_1_I2CMasterGetWriteBufSize
                0x00000000       0x14 .\CortexM0\ARM_GCC_541\Debug\Design01.a(I2C_1_I2C_MASTER.o)
 .text.I2C_1_I2CMasterClearWriteBuf
                0x00000000       0x34 .\CortexM0\ARM_GCC_541\Debug\Design01.a(I2C_1_I2C_MASTER.o)
 .text.I2C_1_I2CMasterClearStatus
                0x00000000       0x30 .\CortexM0\ARM_GCC_541\Debug\Design01.a(I2C_1_I2C_MASTER.o)
 .text.I2C_1_I2CMasterHandleStatus
                0x00000000      0x104 .\CortexM0\ARM_GCC_541\Debug\Design01.a(I2C_1_I2C_MASTER.o)
 .text.I2C_1_I2CMasterWaitOneUnit
                0x00000000       0x4c .\CortexM0\ARM_GCC_541\Debug\Design01.a(I2C_1_I2C_MASTER.o)
 .text          0x00000000        0x0 .\CortexM0\ARM_GCC_541\Debug\Design01.a(I2C_1_sda.o)
 .data          0x00000000        0x0 .\CortexM0\ARM_GCC_541\Debug\Design01.a(I2C_1_sda.o)
 .bss           0x00000000        0x0 .\CortexM0\ARM_GCC_541\Debug\Design01.a(I2C_1_sda.o)
 .text.I2C_1_sda_SetDriveMode
                0x00000000       0x30 .\CortexM0\ARM_GCC_541\Debug\Design01.a(I2C_1_sda.o)
 .text.I2C_1_sda_Write
                0x00000000       0x50 .\CortexM0\ARM_GCC_541\Debug\Design01.a(I2C_1_sda.o)
 .text.I2C_1_sda_ReadDataReg
                0x00000000       0x1c .\CortexM0\ARM_GCC_541\Debug\Design01.a(I2C_1_sda.o)
 .text.I2C_1_sda_SetInterruptMode
                0x00000000       0x44 .\CortexM0\ARM_GCC_541\Debug\Design01.a(I2C_1_sda.o)
 .text.I2C_1_sda_ClearInterrupt
                0x00000000       0x30 .\CortexM0\ARM_GCC_541\Debug\Design01.a(I2C_1_sda.o)
 .text          0x00000000        0x0 .\CortexM0\ARM_GCC_541\Debug\Design01.a(I2C_1_scl.o)
 .data          0x00000000        0x0 .\CortexM0\ARM_GCC_541\Debug\Design01.a(I2C_1_scl.o)
 .bss           0x00000000        0x0 .\CortexM0\ARM_GCC_541\Debug\Design01.a(I2C_1_scl.o)
 .text.I2C_1_scl_SetDriveMode
                0x00000000       0x2c .\CortexM0\ARM_GCC_541\Debug\Design01.a(I2C_1_scl.o)
 .text.I2C_1_scl_ReadDataReg
                0x00000000       0x1c .\CortexM0\ARM_GCC_541\Debug\Design01.a(I2C_1_scl.o)
 .text.I2C_1_scl_SetInterruptMode
                0x00000000       0x44 .\CortexM0\ARM_GCC_541\Debug\Design01.a(I2C_1_scl.o)
 .text.I2C_1_scl_ClearInterrupt
                0x00000000       0x2c .\CortexM0\ARM_GCC_541\Debug\Design01.a(I2C_1_scl.o)
 .text          0x00000000        0x0 .\CortexM0\ARM_GCC_541\Debug\Design01.a(UART_1.o)
 .data          0x00000000        0x0 .\CortexM0\ARM_GCC_541\Debug\Design01.a(UART_1.o)
 .text.UART_1_Stop
                0x00000000       0x28 .\CortexM0\ARM_GCC_541\Debug\Design01.a(UART_1.o)
 .text.UART_1_SetRxFifoLevel
                0x00000000       0x34 .\CortexM0\ARM_GCC_541\Debug\Design01.a(UART_1.o)
 .text.UART_1_SetTxFifoLevel
                0x00000000       0x34 .\CortexM0\ARM_GCC_541\Debug\Design01.a(UART_1.o)
 .text.UART_1_ScbModeStop
                0x00000000       0x10 .\CortexM0\ARM_GCC_541\Debug\Design01.a(UART_1.o)
 .text.UART_1_I2CSlaveNackGeneration
                0x00000000       0x54 .\CortexM0\ARM_GCC_541\Debug\Design01.a(UART_1.o)
 .text          0x00000000        0x0 .\CortexM0\ARM_GCC_541\Debug\Design01.a(UART_1_SPI_UART.o)
 .data          0x00000000        0x0 .\CortexM0\ARM_GCC_541\Debug\Design01.a(UART_1_SPI_UART.o)
 .bss           0x00000000        0x0 .\CortexM0\ARM_GCC_541\Debug\Design01.a(UART_1_SPI_UART.o)
 .text.UART_1_SpiUartReadRxData
                0x00000000       0x20 .\CortexM0\ARM_GCC_541\Debug\Design01.a(UART_1_SPI_UART.o)
 .text.UART_1_SpiUartGetRxBufferSize
                0x00000000       0x20 .\CortexM0\ARM_GCC_541\Debug\Design01.a(UART_1_SPI_UART.o)
 .text.UART_1_SpiUartClearRxBuffer
                0x00000000       0x2c .\CortexM0\ARM_GCC_541\Debug\Design01.a(UART_1_SPI_UART.o)
 .text.UART_1_SpiUartPutArray
                0x00000000       0x34 .\CortexM0\ARM_GCC_541\Debug\Design01.a(UART_1_SPI_UART.o)
 .text.UART_1_SpiUartGetTxBufferSize
                0x00000000       0x20 .\CortexM0\ARM_GCC_541\Debug\Design01.a(UART_1_SPI_UART.o)
 .text.UART_1_SpiUartClearTxBuffer
                0x00000000       0x2c .\CortexM0\ARM_GCC_541\Debug\Design01.a(UART_1_SPI_UART.o)
 .text.UART_1_SpiUartDisableIntRx
                0x00000000       0x20 .\CortexM0\ARM_GCC_541\Debug\Design01.a(UART_1_SPI_UART.o)
 .text.UART_1_SpiUartDisableIntTx
                0x00000000       0x20 .\CortexM0\ARM_GCC_541\Debug\Design01.a(UART_1_SPI_UART.o)
 .text          0x00000000        0x0 .\CortexM0\ARM_GCC_541\Debug\Design01.a(UART_1_UART.o)
 .data          0x00000000        0x0 .\CortexM0\ARM_GCC_541\Debug\Design01.a(UART_1_UART.o)
 .bss           0x00000000        0x0 .\CortexM0\ARM_GCC_541\Debug\Design01.a(UART_1_UART.o)
 .text.UART_1_UartStop
                0x00000000       0x38 .\CortexM0\ARM_GCC_541\Debug\Design01.a(UART_1_UART.o)
 .text.UART_1_UartSetRxAddress
                0x00000000       0x34 .\CortexM0\ARM_GCC_541\Debug\Design01.a(UART_1_UART.o)
 .text.UART_1_UartSetRxAddressMask
                0x00000000       0x38 .\CortexM0\ARM_GCC_541\Debug\Design01.a(UART_1_UART.o)
 .text.UART_1_UartGetChar
                0x00000000       0x40 .\CortexM0\ARM_GCC_541\Debug\Design01.a(UART_1_UART.o)
 .text.UART_1_UartGetByte
                0x00000000       0x50 .\CortexM0\ARM_GCC_541\Debug\Design01.a(UART_1_UART.o)
 .text.UART_1_UartPutCRLF
                0x00000000       0x24 .\CortexM0\ARM_GCC_541\Debug\Design01.a(UART_1_UART.o)
 .text.UART_1_UartSendBreakBlocking
                0x00000000       0x7c .\CortexM0\ARM_GCC_541\Debug\Design01.a(UART_1_UART.o)
 .data          0x00000000        0x0 .\CortexM0\ARM_GCC_541\Debug\Design01.a(CyBootAsmGnu.o)
 .bss           0x00000000        0x0 .\CortexM0\ARM_GCC_541\Debug\Design01.a(CyBootAsmGnu.o)
 .text          0x00000000        0x0 .\CortexM0\ARM_GCC_541\Debug\Design01.a(I2C_1_I2C_INT.o)
 .data          0x00000000        0x0 .\CortexM0\ARM_GCC_541\Debug\Design01.a(I2C_1_I2C_INT.o)
 .bss           0x00000000        0x0 .\CortexM0\ARM_GCC_541\Debug\Design01.a(I2C_1_I2C_INT.o)
 .data          0x00000000        0x0 c:/program files (x86)/cypress/psoc creator/4.2/psoc creator/import/gnu/arm/5.4.1/bin/../lib/gcc/arm-none-eabi/5.4.1/armv6-m\libgcc.a(_udivsi3.o)
 .bss           0x00000000        0x0 c:/program files (x86)/cypress/psoc creator/4.2/psoc creator/import/gnu/arm/5.4.1/bin/../lib/gcc/arm-none-eabi/5.4.1/armv6-m\libgcc.a(_udivsi3.o)
 .data          0x00000000        0x0 c:/program files (x86)/cypress/psoc creator/4.2/psoc creator/import/gnu/arm/5.4.1/bin/../lib/gcc/arm-none-eabi/5.4.1/armv6-m\libgcc.a(_dvmd_tls.o)
 .bss           0x00000000        0x0 c:/program files (x86)/cypress/psoc creator/4.2/psoc creator/import/gnu/arm/5.4.1/bin/../lib/gcc/arm-none-eabi/5.4.1/armv6-m\libgcc.a(_dvmd_tls.o)
 .text          0x00000000        0x0 c:/program files (x86)/cypress/psoc creator/4.2/psoc creator/import/gnu/arm/5.4.1/bin/../lib/gcc/arm-none-eabi/5.4.1/../../../../arm-none-eabi/lib/armv6-m\libg_nano.a(lib_a-errno.o)
 .data          0x00000000        0x0 c:/program files (x86)/cypress/psoc creator/4.2/psoc creator/import/gnu/arm/5.4.1/bin/../lib/gcc/arm-none-eabi/5.4.1/../../../../arm-none-eabi/lib/armv6-m\libg_nano.a(lib_a-errno.o)
 .bss           0x00000000        0x0 c:/program files (x86)/cypress/psoc creator/4.2/psoc creator/import/gnu/arm/5.4.1/bin/../lib/gcc/arm-none-eabi/5.4.1/../../../../arm-none-eabi/lib/armv6-m\libg_nano.a(lib_a-errno.o)
 .text          0x00000000        0x0 c:/program files (x86)/cypress/psoc creator/4.2/psoc creator/import/gnu/arm/5.4.1/bin/../lib/gcc/arm-none-eabi/5.4.1/../../../../arm-none-eabi/lib/armv6-m\libg_nano.a(lib_a-exit.o)
 .data          0x00000000        0x0 c:/program files (x86)/cypress/psoc creator/4.2/psoc creator/import/gnu/arm/5.4.1/bin/../lib/gcc/arm-none-eabi/5.4.1/../../../../arm-none-eabi/lib/armv6-m\libg_nano.a(lib_a-exit.o)
 .bss           0x00000000        0x0 c:/program files (x86)/cypress/psoc creator/4.2/psoc creator/import/gnu/arm/5.4.1/bin/../lib/gcc/arm-none-eabi/5.4.1/../../../../arm-none-eabi/lib/armv6-m\libg_nano.a(lib_a-exit.o)
 .text.exit     0x00000000       0x2c c:/program files (x86)/cypress/psoc creator/4.2/psoc creator/import/gnu/arm/5.4.1/bin/../lib/gcc/arm-none-eabi/5.4.1/../../../../arm-none-eabi/lib/armv6-m\libg_nano.a(lib_a-exit.o)
 .text          0x00000000        0x0 c:/program files (x86)/cypress/psoc creator/4.2/psoc creator/import/gnu/arm/5.4.1/bin/../lib/gcc/arm-none-eabi/5.4.1/../../../../arm-none-eabi/lib/armv6-m\libg_nano.a(lib_a-impure.o)
 .data          0x00000000        0x0 c:/program files (x86)/cypress/psoc creator/4.2/psoc creator/import/gnu/arm/5.4.1/bin/../lib/gcc/arm-none-eabi/5.4.1/../../../../arm-none-eabi/lib/armv6-m\libg_nano.a(lib_a-impure.o)
 .bss           0x00000000        0x0 c:/program files (x86)/cypress/psoc creator/4.2/psoc creator/import/gnu/arm/5.4.1/bin/../lib/gcc/arm-none-eabi/5.4.1/../../../../arm-none-eabi/lib/armv6-m\libg_nano.a(lib_a-impure.o)
 .rodata._global_impure_ptr
                0x00000000        0x4 c:/program files (x86)/cypress/psoc creator/4.2/psoc creator/import/gnu/arm/5.4.1/bin/../lib/gcc/arm-none-eabi/5.4.1/../../../../arm-none-eabi/lib/armv6-m\libg_nano.a(lib_a-impure.o)
 .text          0x00000000        0x0 c:/program files (x86)/cypress/psoc creator/4.2/psoc creator/import/gnu/arm/5.4.1/bin/../lib/gcc/arm-none-eabi/5.4.1/../../../../arm-none-eabi/lib/armv6-m\libg_nano.a(lib_a-init.o)
 .data          0x00000000        0x0 c:/program files (x86)/cypress/psoc creator/4.2/psoc creator/import/gnu/arm/5.4.1/bin/../lib/gcc/arm-none-eabi/5.4.1/../../../../arm-none-eabi/lib/armv6-m\libg_nano.a(lib_a-init.o)
 .bss           0x00000000        0x0 c:/program files (x86)/cypress/psoc creator/4.2/psoc creator/import/gnu/arm/5.4.1/bin/../lib/gcc/arm-none-eabi/5.4.1/../../../../arm-none-eabi/lib/armv6-m\libg_nano.a(lib_a-init.o)
 .text          0x00000000        0x0 c:/program files (x86)/cypress/psoc creator/4.2/psoc creator/import/gnu/arm/5.4.1/bin/../lib/gcc/arm-none-eabi/5.4.1/../../../../arm-none-eabi/lib/armv6-m\libg_nano.a(lib_a-itoa.o)
 .data          0x00000000        0x0 c:/program files (x86)/cypress/psoc creator/4.2/psoc creator/import/gnu/arm/5.4.1/bin/../lib/gcc/arm-none-eabi/5.4.1/../../../../arm-none-eabi/lib/armv6-m\libg_nano.a(lib_a-itoa.o)
 .bss           0x00000000        0x0 c:/program files (x86)/cypress/psoc creator/4.2/psoc creator/import/gnu/arm/5.4.1/bin/../lib/gcc/arm-none-eabi/5.4.1/../../../../arm-none-eabi/lib/armv6-m\libg_nano.a(lib_a-itoa.o)
 .text          0x00000000        0x0 c:/program files (x86)/cypress/psoc creator/4.2/psoc creator/import/gnu/arm/5.4.1/bin/../lib/gcc/arm-none-eabi/5.4.1/../../../../arm-none-eabi/lib/armv6-m\libg_nano.a(lib_a-memcpy-stub.o)
 .data          0x00000000        0x0 c:/program files (x86)/cypress/psoc creator/4.2/psoc creator/import/gnu/arm/5.4.1/bin/../lib/gcc/arm-none-eabi/5.4.1/../../../../arm-none-eabi/lib/armv6-m\libg_nano.a(lib_a-memcpy-stub.o)
 .bss           0x00000000        0x0 c:/program files (x86)/cypress/psoc creator/4.2/psoc creator/import/gnu/arm/5.4.1/bin/../lib/gcc/arm-none-eabi/5.4.1/../../../../arm-none-eabi/lib/armv6-m\libg_nano.a(lib_a-memcpy-stub.o)
 .text          0x00000000        0x0 c:/program files (x86)/cypress/psoc creator/4.2/psoc creator/import/gnu/arm/5.4.1/bin/../lib/gcc/arm-none-eabi/5.4.1/../../../../arm-none-eabi/lib/armv6-m\libg_nano.a(lib_a-memset.o)
 .data          0x00000000        0x0 c:/program files (x86)/cypress/psoc creator/4.2/psoc creator/import/gnu/arm/5.4.1/bin/../lib/gcc/arm-none-eabi/5.4.1/../../../../arm-none-eabi/lib/armv6-m\libg_nano.a(lib_a-memset.o)
 .bss           0x00000000        0x0 c:/program files (x86)/cypress/psoc creator/4.2/psoc creator/import/gnu/arm/5.4.1/bin/../lib/gcc/arm-none-eabi/5.4.1/../../../../arm-none-eabi/lib/armv6-m\libg_nano.a(lib_a-memset.o)
 .text          0x00000000        0x0 c:/program files (x86)/cypress/psoc creator/4.2/psoc creator/import/gnu/arm/5.4.1/bin/../lib/gcc/arm-none-eabi/5.4.1/../../../../arm-none-eabi/lib/armv6-m\libg_nano.a(lib_a-utoa.o)
 .data          0x00000000        0x0 c:/program files (x86)/cypress/psoc creator/4.2/psoc creator/import/gnu/arm/5.4.1/bin/../lib/gcc/arm-none-eabi/5.4.1/../../../../arm-none-eabi/lib/armv6-m\libg_nano.a(lib_a-utoa.o)
 .bss           0x00000000        0x0 c:/program files (x86)/cypress/psoc creator/4.2/psoc creator/import/gnu/arm/5.4.1/bin/../lib/gcc/arm-none-eabi/5.4.1/../../../../arm-none-eabi/lib/armv6-m\libg_nano.a(lib_a-utoa.o)
 .text.utoa     0x00000000        0x8 c:/program files (x86)/cypress/psoc creator/4.2/psoc creator/import/gnu/arm/5.4.1/bin/../lib/gcc/arm-none-eabi/5.4.1/../../../../arm-none-eabi/lib/armv6-m\libg_nano.a(lib_a-utoa.o)
 .text          0x00000000        0x0 c:/program files (x86)/cypress/psoc creator/4.2/psoc creator/import/gnu/arm/5.4.1/bin/../lib/gcc/arm-none-eabi/5.4.1/armv6-m/crtend.o
 .data          0x00000000        0x0 c:/program files (x86)/cypress/psoc creator/4.2/psoc creator/import/gnu/arm/5.4.1/bin/../lib/gcc/arm-none-eabi/5.4.1/armv6-m/crtend.o
 .bss           0x00000000        0x0 c:/program files (x86)/cypress/psoc creator/4.2/psoc creator/import/gnu/arm/5.4.1/bin/../lib/gcc/arm-none-eabi/5.4.1/armv6-m/crtend.o
 .text          0x00000000        0x0 c:/program files (x86)/cypress/psoc creator/4.2/psoc creator/import/gnu/arm/5.4.1/bin/../lib/gcc/arm-none-eabi/5.4.1/armv6-m/crtn.o
 .data          0x00000000        0x0 c:/program files (x86)/cypress/psoc creator/4.2/psoc creator/import/gnu/arm/5.4.1/bin/../lib/gcc/arm-none-eabi/5.4.1/armv6-m/crtn.o
 .bss           0x00000000        0x0 c:/program files (x86)/cypress/psoc creator/4.2/psoc creator/import/gnu/arm/5.4.1/bin/../lib/gcc/arm-none-eabi/5.4.1/armv6-m/crtn.o

Memory Configuration

Name             Origin             Length             Attributes
rom              0x00000000         0x00008000         xr
ram              0x20000000         0x00001000         xrw
*default*        0x00000000         0xffffffff

Linker script and memory map

LOAD c:/program files (x86)/cypress/psoc creator/4.2/psoc creator/import/gnu/arm/5.4.1/bin/../lib/gcc/arm-none-eabi/5.4.1/armv6-m/crti.o
LOAD c:/program files (x86)/cypress/psoc creator/4.2/psoc creator/import/gnu/arm/5.4.1/bin/../lib/gcc/arm-none-eabi/5.4.1/armv6-m/crtbegin.o
LOAD c:/program files (x86)/cypress/psoc creator/4.2/psoc creator/import/gnu/arm/5.4.1/bin/../lib/gcc/arm-none-eabi/5.4.1/../../../../arm-none-eabi/lib/armv6-m/crt0.o
START GROUP
LOAD .\CortexM0\ARM_GCC_541\Debug\main.o
LOAD .\CortexM0\ARM_GCC_541\Debug\i2c.o
LOAD .\CortexM0\ARM_GCC_541\Debug\cyfitter_cfg.o
LOAD .\CortexM0\ARM_GCC_541\Debug\cymetadata.o
LOAD .\CortexM0\ARM_GCC_541\Debug\Cm0Start.o
LOAD .\CortexM0\ARM_GCC_541\Debug\Design01.a
END GROUP
START GROUP
LOAD c:/program files (x86)/cypress/psoc creator/4.2/psoc creator/import/gnu/arm/5.4.1/bin/../lib/gcc/arm-none-eabi/5.4.1/armv6-m\libgcc.a
LOAD c:/program files (x86)/cypress/psoc creator/4.2/psoc creator/import/gnu/arm/5.4.1/bin/../lib/gcc/arm-none-eabi/5.4.1/../../../../arm-none-eabi/lib/armv6-m\libg_nano.a
LOAD c:/program files (x86)/cypress/psoc creator/4.2/psoc creator/import/gnu/arm/5.4.1/bin/../lib/gcc/arm-none-eabi/5.4.1/../../../../arm-none-eabi/lib/armv6-m\libc_nano.a
END GROUP
START GROUP
LOAD c:/program files (x86)/cypress/psoc creator/4.2/psoc creator/import/gnu/arm/5.4.1/bin/../lib/gcc/arm-none-eabi/5.4.1/armv6-m\libgcc.a
LOAD c:/program files (x86)/cypress/psoc creator/4.2/psoc creator/import/gnu/arm/5.4.1/bin/../lib/gcc/arm-none-eabi/5.4.1/../../../../arm-none-eabi/lib/armv6-m\libc_nano.a
END GROUP
LOAD c:/program files (x86)/cypress/psoc creator/4.2/psoc creator/import/gnu/arm/5.4.1/bin/../lib/gcc/arm-none-eabi/5.4.1/armv6-m/crtend.o
LOAD c:/program files (x86)/cypress/psoc creator/4.2/psoc creator/import/gnu/arm/5.4.1/bin/../lib/gcc/arm-none-eabi/5.4.1/armv6-m/crtn.o
START GROUP
LOAD c:/program files (x86)/cypress/psoc creator/4.2/psoc creator/import/gnu/arm/5.4.1/bin/../lib/gcc/arm-none-eabi/5.4.1/armv6-m\libgcc.a
LOAD c:/program files (x86)/cypress/psoc creator/4.2/psoc creator/import/gnu/arm/5.4.1/bin/../lib/gcc/arm-none-eabi/5.4.1/../../../../arm-none-eabi/lib/armv6-m\libc.a
LOAD c:/program files (x86)/cypress/psoc creator/4.2/psoc creator/import/gnu/arm/5.4.1/bin/../lib/gcc/arm-none-eabi/5.4.1/../../../../arm-none-eabi/lib/armv6-m\libnosys.a
END GROUP
                0x00000000                CY_APPL_ORIGIN = 0x0
                0x00000080                CY_FLASH_ROW_SIZE = 0x80
                0x00000001                CY_APPL_NUM = 0x1
                0x00000001                CY_APPL_MAX = 0x1
                0x00000040                CY_METADATA_SIZE = 0x40
                0x00000000                CY_APPL_LOADABLE = 0x0
                0x00000000                CY_CHECKSUM_EXCLUDE_SIZE = ALIGN (0x0, CY_FLASH_ROW_SIZE)
                0x00000000                CY_APP_FOR_STACK_AND_COPIER = 0x0
                [!provide]                PROVIDE (__cy_heap_start, _end)
                0x00000001                PROVIDE (__cy_region_num, ((__cy_regions_end - __cy_regions) / 0x10))
                0x20001000                PROVIDE (__cy_stack, (ORIGIN (ram) + LENGTH (ram)))
                [!provide]                PROVIDE (__cy_heap_end, (__cy_stack - 0x400))

.cybootloader   0x00000000        0x0
 *(.cybootloader)
                0x00000000                appl1_start = CY_APPL_ORIGIN?CY_APPL_ORIGIN:ALIGN (CY_FLASH_ROW_SIZE)
                0x00003f80                appl2_start = (appl1_start + ALIGN ((((LENGTH (rom) - appl1_start) - (0x2 * CY_FLASH_ROW_SIZE)) / 0x2), CY_FLASH_ROW_SIZE))
                0x00000000                appl_start = (CY_APPL_NUM == 0x1)?appl1_start:appl2_start
                0x00000001                cy_project_type_bootloader = (appl_start == 0x0)?0x1:0x0
                0x00000000                cy_project_type_app_for_stack_and_copier = (CY_APP_FOR_STACK_AND_COPIER == 0x1)?0x1:0x0

.text           0x00000000     0x19c0
 CREATE_OBJECT_SYMBOLS
                0x00000000                PROVIDE (__cy_interrupt_vector, RomVectors)
 *(.romvectors)
 .romvectors    0x00000000       0x10 .\CortexM0\ARM_GCC_541\Debug\Cm0Start.o
                0x00000000                RomVectors
                0x00000001                ASSERT ((. != __cy_interrupt_vector), No interrupt vector)
                0x00000001                ASSERT (CY_APPL_ORIGIN?(SIZEOF (.cybootloader) <= CY_APPL_ORIGIN):0x1, Wrong image location)
                0x00000010                PROVIDE (__cy_reset, Reset)
 *(.text.Reset)
 .text.Reset    0x00000010        0x8 .\CortexM0\ARM_GCC_541\Debug\Cm0Start.o
                0x00000010                Reset
                0x00000001                ASSERT ((. != __cy_reset), No reset code)
 *(.psocinit)
 .psocinit      0x00000018      0x1a0 .\CortexM0\ARM_GCC_541\Debug\cyfitter_cfg.o
                0x000000b8                cyfitter_cfg
                0x000001b8                . = MAX (., 0x100)
 *(.text .text.* .gnu.linkonce.t.*)
 .text          0x000001b8       0x60 c:/program files (x86)/cypress/psoc creator/4.2/psoc creator/import/gnu/arm/5.4.1/bin/../lib/gcc/arm-none-eabi/5.4.1/armv6-m/crtbegin.o
 .text.main     0x00000218       0x70 .\CortexM0\ARM_GCC_541\Debug\main.o
                0x00000218                main
 .text.Readtemp
                0x00000288      0x164 .\CortexM0\ARM_GCC_541\Debug\i2c.o
                0x00000288                Readtemp
 .text.CYMEMZERO
                0x000003ec       0x20 .\CortexM0\ARM_GCC_541\Debug\cyfitter_cfg.o
 .text.AnalogSetDefault
                0x0000040c        0xc .\CortexM0\ARM_GCC_541\Debug\cyfitter_cfg.o
 .text.IntDefaultHandler
                0x00000418       0x14 .\CortexM0\ARM_GCC_541\Debug\Cm0Start.o
                0x00000418                IntDefaultHandler
 .text.Start_c  0x0000042c       0x98 .\CortexM0\ARM_GCC_541\Debug\Cm0Start.o
                0x0000042c                Start_c
 .text.initialize_psoc
                0x000004c4       0x64 .\CortexM0\ARM_GCC_541\Debug\Cm0Start.o
                0x000004c4                initialize_psoc
 .text.CySysClkWriteImoFreq
                0x00000528      0x1e4 .\CortexM0\ARM_GCC_541\Debug\Design01.a(CyLib.o)
                0x00000528                CySysClkWriteImoFreq
 .text.CyIntSetVector
                0x0000070c       0x4c .\CortexM0\ARM_GCC_541\Debug\Design01.a(CyLib.o)
                0x0000070c                CyIntSetVector
 .text.CyIntSetPriority
                0x00000758       0xa8 .\CortexM0\ARM_GCC_541\Debug\Design01.a(CyLib.o)
                0x00000758                CyIntSetPriority
 .text.CyIntEnable
                0x00000800       0x2c .\CortexM0\ARM_GCC_541\Debug\Design01.a(CyLib.o)
                0x00000800                CyIntEnable
 .text.CyIntDisable
                0x0000082c       0x2c .\CortexM0\ARM_GCC_541\Debug\Design01.a(CyLib.o)
                0x0000082c                CyIntDisable
 .text.CyHalt   0x00000858       0x18 .\CortexM0\ARM_GCC_541\Debug\Design01.a(CyLib.o)
                0x00000858                CyHalt
 .text.CyDelay  0x00000870       0x4c .\CortexM0\ARM_GCC_541\Debug\Design01.a(CyLib.o)
                0x00000870                CyDelay
 .text.CyDelayUs
                0x000008bc       0x28 .\CortexM0\ARM_GCC_541\Debug\Design01.a(CyLib.o)
                0x000008bc                CyDelayUs
 .text.CySysWdtLock
                0x000008e4       0x34 .\CortexM0\ARM_GCC_541\Debug\Design01.a(CyLFClk.o)
                0x000008e4                CySysWdtLock
 .text.CySysWdtLocked
                0x00000918       0x20 .\CortexM0\ARM_GCC_541\Debug\Design01.a(CyLFClk.o)
 .text.CySysWdtUnlock
                0x00000938       0x50 .\CortexM0\ARM_GCC_541\Debug\Design01.a(CyLFClk.o)
                0x00000938                CySysWdtUnlock
 .text.CySysWdtClearInterrupt
                0x00000988       0x70 .\CortexM0\ARM_GCC_541\Debug\Design01.a(CyLFClk.o)
                0x00000988                CySysWdtClearInterrupt
 .text.CySysWdtIsr
                0x000009f8       0xec .\CortexM0\ARM_GCC_541\Debug\Design01.a(CyLFClk.o)
                0x000009f8                CySysWdtIsr
 .text.I2C_1_Init
                0x00000ae4       0x10 .\CortexM0\ARM_GCC_541\Debug\Design01.a(I2C_1.o)
                0x00000ae4                I2C_1_Init
 .text.I2C_1_Enable
                0x00000af4       0x24 .\CortexM0\ARM_GCC_541\Debug\Design01.a(I2C_1.o)
                0x00000af4                I2C_1_Enable
 .text.I2C_1_Start
                0x00000b18       0x24 .\CortexM0\ARM_GCC_541\Debug\Design01.a(I2C_1.o)
                0x00000b18                I2C_1_Start
 .text.I2C_1_ScbEnableIntr
                0x00000b3c       0x10 .\CortexM0\ARM_GCC_541\Debug\Design01.a(I2C_1.o)
 .text.I2C_1_ScbModePostEnable
                0x00000b4c        0xc .\CortexM0\ARM_GCC_541\Debug\Design01.a(I2C_1.o)
 .text.I2C_1_I2CInit
                0x00000b58       0xe8 .\CortexM0\ARM_GCC_541\Debug\Design01.a(I2C_1_I2C.o)
                0x00000b58                I2C_1_I2CInit
 .text.I2C_1_I2CFwBlockReset
                0x00000c40       0xa8 .\CortexM0\ARM_GCC_541\Debug\Design01.a(I2C_1_I2C.o)
                0x00000c40                I2C_1_I2CFwBlockReset
 .text.I2C_1_I2CMasterWriteBuf
                0x00000ce8      0x128 .\CortexM0\ARM_GCC_541\Debug\Design01.a(I2C_1_I2C_MASTER.o)
                0x00000ce8                I2C_1_I2CMasterWriteBuf
 .text.I2C_1_I2CMasterReadBuf
                0x00000e10      0x138 .\CortexM0\ARM_GCC_541\Debug\Design01.a(I2C_1_I2C_MASTER.o)
                0x00000e10                I2C_1_I2CMasterReadBuf
 .text.I2C_1_I2CMasterClearReadBuf
                0x00000f48       0x34 .\CortexM0\ARM_GCC_541\Debug\Design01.a(I2C_1_I2C_MASTER.o)
                0x00000f48                I2C_1_I2CMasterClearReadBuf
 .text.I2C_1_I2CMasterStatus
                0x00000f7c       0x44 .\CortexM0\ARM_GCC_541\Debug\Design01.a(I2C_1_I2C_MASTER.o)
                0x00000f7c                I2C_1_I2CMasterStatus
 .text.I2C_1_I2CReStartGeneration
                0x00000fc0      0x100 .\CortexM0\ARM_GCC_541\Debug\Design01.a(I2C_1_I2C_MASTER.o)
                0x00000fc0                I2C_1_I2CReStartGeneration
 .text.I2C_1_sda_Read
                0x000010c0       0x1c .\CortexM0\ARM_GCC_541\Debug\Design01.a(I2C_1_sda.o)
                0x000010c0                I2C_1_sda_Read
 .text.I2C_1_scl_Write
                0x000010dc       0x4c .\CortexM0\ARM_GCC_541\Debug\Design01.a(I2C_1_scl.o)
                0x000010dc                I2C_1_scl_Write
 .text.I2C_1_scl_Read
                0x00001128       0x1c .\CortexM0\ARM_GCC_541\Debug\Design01.a(I2C_1_scl.o)
                0x00001128                I2C_1_scl_Read
 .text.UART_1_Init
                0x00001144       0x10 .\CortexM0\ARM_GCC_541\Debug\Design01.a(UART_1.o)
                0x00001144                UART_1_Init
 .text.UART_1_Enable
                0x00001154       0x24 .\CortexM0\ARM_GCC_541\Debug\Design01.a(UART_1.o)
                0x00001154                UART_1_Enable
 .text.UART_1_Start
                0x00001178       0x24 .\CortexM0\ARM_GCC_541\Debug\Design01.a(UART_1.o)
                0x00001178                UART_1_Start
 .text.UART_1_ScbEnableIntr
                0x0000119c        0xc .\CortexM0\ARM_GCC_541\Debug\Design01.a(UART_1.o)
 .text.UART_1_ScbModePostEnable
                0x000011a8       0x10 .\CortexM0\ARM_GCC_541\Debug\Design01.a(UART_1.o)
 .text.UART_1_SpiUartWriteTxData
                0x000011b8       0x2c .\CortexM0\ARM_GCC_541\Debug\Design01.a(UART_1_SPI_UART.o)
                0x000011b8                UART_1_SpiUartWriteTxData
 .text.UART_1_UartInit
                0x000011e4       0xbc .\CortexM0\ARM_GCC_541\Debug\Design01.a(UART_1_UART.o)
                0x000011e4                UART_1_UartInit
 .text.UART_1_UartPostEnable
                0x000012a0       0x34 .\CortexM0\ARM_GCC_541\Debug\Design01.a(UART_1_UART.o)
                0x000012a0                UART_1_UartPostEnable
 .text.UART_1_UartPutString
                0x000012d4       0x38 .\CortexM0\ARM_GCC_541\Debug\Design01.a(UART_1_UART.o)
                0x000012d4                UART_1_UartPutString
 *fill*         0x0000130c        0x4 
 .text          0x00001310       0x24 .\CortexM0\ARM_GCC_541\Debug\Design01.a(CyBootAsmGnu.o)
                0x00001310                CyDelayCycles
                0x00001324                CyEnterCriticalSection
                0x0000132c                CyExitCriticalSection
 .text.I2C_1_I2C_ISR
                0x00001334      0x450 .\CortexM0\ARM_GCC_541\Debug\Design01.a(I2C_1_I2C_INT.o)
                0x00001334                I2C_1_I2C_ISR
 .text          0x00001784      0x114 c:/program files (x86)/cypress/psoc creator/4.2/psoc creator/import/gnu/arm/5.4.1/bin/../lib/gcc/arm-none-eabi/5.4.1/armv6-m\libgcc.a(_udivsi3.o)
                0x00001784                __aeabi_uidiv
                0x00001784                __udivsi3
                0x00001890                __aeabi_uidivmod
 .text          0x00001898        0x4 c:/program files (x86)/cypress/psoc creator/4.2/psoc creator/import/gnu/arm/5.4.1/bin/../lib/gcc/arm-none-eabi/5.4.1/armv6-m\libgcc.a(_dvmd_tls.o)
                0x00001898                __aeabi_idiv0
                0x00001898                __aeabi_ldiv0
 .text.__errno  0x0000189c        0xc c:/program files (x86)/cypress/psoc creator/4.2/psoc creator/import/gnu/arm/5.4.1/bin/../lib/gcc/arm-none-eabi/5.4.1/../../../../arm-none-eabi/lib/armv6-m\libg_nano.a(lib_a-errno.o)
                0x0000189c                __errno
 .text.__libc_init_array
                0x000018a8       0x4c c:/program files (x86)/cypress/psoc creator/4.2/psoc creator/import/gnu/arm/5.4.1/bin/../lib/gcc/arm-none-eabi/5.4.1/../../../../arm-none-eabi/lib/armv6-m\libg_nano.a(lib_a-init.o)
                0x000018a8                __libc_init_array
 .text.__itoa   0x000018f4       0x2e c:/program files (x86)/cypress/psoc creator/4.2/psoc creator/import/gnu/arm/5.4.1/bin/../lib/gcc/arm-none-eabi/5.4.1/../../../../arm-none-eabi/lib/armv6-m\libg_nano.a(lib_a-itoa.o)
                0x000018f4                __itoa
 .text.itoa     0x00001922        0x8 c:/program files (x86)/cypress/psoc creator/4.2/psoc creator/import/gnu/arm/5.4.1/bin/../lib/gcc/arm-none-eabi/5.4.1/../../../../arm-none-eabi/lib/armv6-m\libg_nano.a(lib_a-itoa.o)
                0x00001922                itoa
 .text.memcpy   0x0000192a       0x12 c:/program files (x86)/cypress/psoc creator/4.2/psoc creator/import/gnu/arm/5.4.1/bin/../lib/gcc/arm-none-eabi/5.4.1/../../../../arm-none-eabi/lib/armv6-m\libg_nano.a(lib_a-memcpy-stub.o)
                0x0000192a                memcpy
 .text.memset   0x0000193c       0x10 c:/program files (x86)/cypress/psoc creator/4.2/psoc creator/import/gnu/arm/5.4.1/bin/../lib/gcc/arm-none-eabi/5.4.1/../../../../arm-none-eabi/lib/armv6-m\libg_nano.a(lib_a-memset.o)
                0x0000193c                memset
 .text.__utoa   0x0000194c       0x74 c:/program files (x86)/cypress/psoc creator/4.2/psoc creator/import/gnu/arm/5.4.1/bin/../lib/gcc/arm-none-eabi/5.4.1/../../../../arm-none-eabi/lib/armv6-m\libg_nano.a(lib_a-utoa.o)
                0x0000194c                __utoa
 *(.plt)
 *(.gnu.warning)
 *(.glue_7t)
 .glue_7t       0x000019c0        0x0 linker stubs
 *(.glue_7)
 .glue_7        0x000019c0        0x0 linker stubs
 *(.vfp11_veneer)
 .vfp11_veneer  0x000019c0        0x0 linker stubs
 *(.bootloader)
 *(.ARM.extab* .gnu.linkonce.armextab.*)
 *(.gcc_except_table)

.v4_bx          0x000019c0        0x0
 .v4_bx         0x000019c0        0x0 linker stubs

.iplt           0x000019c0        0x0
 .iplt          0x000019c0        0x0 c:/program files (x86)/cypress/psoc creator/4.2/psoc creator/import/gnu/arm/5.4.1/bin/../lib/gcc/arm-none-eabi/5.4.1/armv6-m/crtbegin.o

.eh_frame_hdr
 *(.eh_frame_hdr)

.eh_frame       0x000019c0        0x4
 *(.eh_frame)
 .eh_frame      0x000019c0        0x0 c:/program files (x86)/cypress/psoc creator/4.2/psoc creator/import/gnu/arm/5.4.1/bin/../lib/gcc/arm-none-eabi/5.4.1/armv6-m/crtbegin.o
 .eh_frame      0x000019c0        0x4 c:/program files (x86)/cypress/psoc creator/4.2/psoc creator/import/gnu/arm/5.4.1/bin/../lib/gcc/arm-none-eabi/5.4.1/armv6-m/crtend.o
                [!provide]                PROVIDE (__exidx_start, .)

.ARM.exidx
 *(.ARM.exidx* .gnu.linkonce.armexidx.*)
                0x000019c4                __exidx_end = .

.rodata         0x000019c4       0xbc
 *(.rodata .rodata.* .gnu.linkonce.r.*)
 .rodata        0x000019c4       0x20 .\CortexM0\ARM_GCC_541\Debug\main.o
 .rodata        0x000019e4        0xc .\CortexM0\ARM_GCC_541\Debug\cyfitter_cfg.o
 .rodata        0x000019f0       0x2e .\CortexM0\ARM_GCC_541\Debug\Design01.a(CyLib.o)
                0x000019f0                cyImoFreqMhz2Reg
 .rodata.str1.1
                0x00001a1e        0x2 c:/program files (x86)/cypress/psoc creator/4.2/psoc creator/import/gnu/arm/5.4.1/bin/../lib/gcc/arm-none-eabi/5.4.1/../../../../arm-none-eabi/lib/armv6-m\libg_nano.a(lib_a-impure.o)
 .rodata.str1.1
                0x00001a20       0x25 c:/program files (x86)/cypress/psoc creator/4.2/psoc creator/import/gnu/arm/5.4.1/bin/../lib/gcc/arm-none-eabi/5.4.1/../../../../arm-none-eabi/lib/armv6-m\libg_nano.a(lib_a-utoa.o)
                0x00001a48                . = ALIGN (0x4)
 *fill*         0x00001a45        0x3 
 *(.init)
 .init          0x00001a48        0x4 c:/program files (x86)/cypress/psoc creator/4.2/psoc creator/import/gnu/arm/5.4.1/bin/../lib/gcc/arm-none-eabi/5.4.1/armv6-m/crti.o
                0x00001a48                _init
 .init          0x00001a4c        0x8 c:/program files (x86)/cypress/psoc creator/4.2/psoc creator/import/gnu/arm/5.4.1/bin/../lib/gcc/arm-none-eabi/5.4.1/armv6-m/crtn.o
                0x00001a54                . = ALIGN (0x4)
                0x00001a54                __preinit_array_start = .
 *(.preinit_array)
                0x00001a54                __preinit_array_end = .
                0x00001a54                . = ALIGN (0x4)
                0x00001a54                __init_array_start = .
 *(SORT(.init_array.*))
 *(.init_array)
 .init_array    0x00001a54        0x4 c:/program files (x86)/cypress/psoc creator/4.2/psoc creator/import/gnu/arm/5.4.1/bin/../lib/gcc/arm-none-eabi/5.4.1/armv6-m/crtbegin.o
 .init_array    0x00001a58        0x4 .\CortexM0\ARM_GCC_541\Debug\Cm0Start.o
                0x00001a5c                __init_array_end = .
                0x00001a5c                . = ALIGN (0x4)
 *(.fini)
 .fini          0x00001a5c        0x4 c:/program files (x86)/cypress/psoc creator/4.2/psoc creator/import/gnu/arm/5.4.1/bin/../lib/gcc/arm-none-eabi/5.4.1/armv6-m/crti.o
                0x00001a5c                _fini
 .fini          0x00001a60        0x8 c:/program files (x86)/cypress/psoc creator/4.2/psoc creator/import/gnu/arm/5.4.1/bin/../lib/gcc/arm-none-eabi/5.4.1/armv6-m/crtn.o
                0x00001a68                . = ALIGN (0x4)
                0x00001a68                __fini_array_start = .
 *(.fini_array)
 .fini_array    0x00001a68        0x4 c:/program files (x86)/cypress/psoc creator/4.2/psoc creator/import/gnu/arm/5.4.1/bin/../lib/gcc/arm-none-eabi/5.4.1/armv6-m/crtbegin.o
 *(SORT(.fini_array.*))
                0x00001a6c                __fini_array_end = .
                0x00001a6c                . = ALIGN (0x4)
 *crtbegin.o(.ctors)
 *(EXCLUDE_FILE(*crtend.o) .ctors)
 *(SORT(.ctors.*))
 *crtend.o(.ctors)
                0x00001a6c                . = ALIGN (0x4)
 *crtbegin.o(.dtors)
 *(EXCLUDE_FILE(*crtend.o) .dtors)
 *(SORT(.dtors.*))
 *crtend.o(.dtors)
                0x00001a6c                . = ALIGN (0x4)
                0x00001a6c                __cy_regions = .
                0x00001a6c        0x4 LONG 0x1a80 __cy_region_init_ram
                0x00001a70        0x4 LONG 0x200000c8 __cy_region_start_data
                0x00001a74        0x4 LONG 0x80 __cy_region_init_size_ram
                0x00001a78        0x4 LONG 0x70 __cy_region_zero_size_ram
                0x00001a7c                __cy_regions_end = .
                0x00001a80                . = ALIGN (0x8)
 *fill*         0x00001a7c        0x4 
                0x00001a80                _etext = .

.cy_checksum_exclude
                0x00001a80        0x0
 *(.cy_checksum_exclude)

.ramvectors     0x20000000       0xc0
                0x20000000                __cy_region_start_ram = .
 *(.ramvectors)
 .ramvectors    0x20000000       0xc0 .\CortexM0\ARM_GCC_541\Debug\Cm0Start.o
                0x20000000                CyRamVectors

.noinit         0x200000c0        0x4
 *(.noinit)
 .noinit        0x200000c0        0x4 .\CortexM0\ARM_GCC_541\Debug\Cm0Start.o

.data           0x200000c8       0x80 load address 0x00001a80
                0x200000c8                __cy_region_start_data = .
 *(.jcr)
 .jcr           0x200000c8        0x0 c:/program files (x86)/cypress/psoc creator/4.2/psoc creator/import/gnu/arm/5.4.1/bin/../lib/gcc/arm-none-eabi/5.4.1/armv6-m/crtbegin.o
 .jcr           0x200000c8        0x4 c:/program files (x86)/cypress/psoc creator/4.2/psoc creator/import/gnu/arm/5.4.1/bin/../lib/gcc/arm-none-eabi/5.4.1/armv6-m/crtend.o
 *(.got.plt)
 *(.got)
 *(.shdata)
 *(.data .data.* .gnu.linkonce.d.*)
 .data          0x200000cc       0x14 .\CortexM0\ARM_GCC_541\Debug\Design01.a(CyLib.o)
                0x200000cc                cydelayFreqHz
                0x200000d0                cydelayFreqKhz
                0x200000d4                cydelayFreqMhz
                0x200000d8                cydelay32kMs
                0x200000dc                CySysClkPumpConfig
 .data          0x200000e0        0x4 .\CortexM0\ARM_GCC_541\Debug\Design01.a(CyLFClk.o)
 .data.impure_data
                0x200000e4       0x60 c:/program files (x86)/cypress/psoc creator/4.2/psoc creator/import/gnu/arm/5.4.1/bin/../lib/gcc/arm-none-eabi/5.4.1/../../../../arm-none-eabi/lib/armv6-m\libg_nano.a(lib_a-impure.o)
 .data._impure_ptr
                0x20000144        0x4 c:/program files (x86)/cypress/psoc creator/4.2/psoc creator/import/gnu/arm/5.4.1/bin/../lib/gcc/arm-none-eabi/5.4.1/../../../../arm-none-eabi/lib/armv6-m\libg_nano.a(lib_a-impure.o)
                0x20000144                _impure_ptr
                0x20000148                . = ALIGN (0x8)
 *(.ram)
                0x20000148                _edata = .

.igot.plt       0x20000148        0x0 load address 0x00001b00
 .igot.plt      0x20000148        0x0 c:/program files (x86)/cypress/psoc creator/4.2/psoc creator/import/gnu/arm/5.4.1/bin/../lib/gcc/arm-none-eabi/5.4.1/armv6-m/crtbegin.o

.bss            0x20000148       0x70 load address 0x00001b00
                0x20000148                PROVIDE (__bss_start__, .)
 *(.shbss)
 *(.bss .bss.* .gnu.linkonce.b.*)
 .bss           0x20000148       0x1c c:/program files (x86)/cypress/psoc creator/4.2/psoc creator/import/gnu/arm/5.4.1/bin/../lib/gcc/arm-none-eabi/5.4.1/armv6-m/crtbegin.o
 .bss           0x20000164       0x20 .\CortexM0\ARM_GCC_541\Debug\Design01.a(CyLFClk.o)
 .bss           0x20000184        0x8 .\CortexM0\ARM_GCC_541\Debug\Design01.a(I2C_1.o)
                0x20000184                I2C_1_initVar
                0x20000188                I2C_1_customIntrHandler
 .bss           0x2000018c        0x4 .\CortexM0\ARM_GCC_541\Debug\Design01.a(UART_1.o)
                0x2000018c                UART_1_initVar
                0x2000018e                UART_1_IntrTxMask
 *(COMMON)
 COMMON         0x20000190        0x1 .\CortexM0\ARM_GCC_541\Debug\Design01.a(I2C_1_I2C.o)
                0x20000190                I2C_1_state
 *fill*         0x20000191        0x3 
 COMMON         0x20000194       0x20 .\CortexM0\ARM_GCC_541\Debug\Design01.a(I2C_1_I2C_MASTER.o)
                0x20000194                I2C_1_mstrWrBufIndexTmp
                0x20000198                I2C_1_mstrWrBufIndex
                0x2000019c                I2C_1_mstrControl
                0x2000019e                I2C_1_mstrStatus
                0x200001a0                I2C_1_mstrWrBufSize
                0x200001a4                I2C_1_mstrRdBufIndex
                0x200001a8                I2C_1_mstrWrBufPtr
                0x200001ac                I2C_1_mstrRdBufPtr
                0x200001b0                I2C_1_mstrRdBufSize
                0x200001b8                . = ALIGN (0x8)
 *fill*         0x200001b4        0x4 
 *(.ram.b)
                0x200001b8                _end = .
                0x200001b8                __end = .
                0x200001b8                PROVIDE (end, .)
                0x200001b8                PROVIDE (__bss_end__, .)
                0x00001a80                __cy_region_init_ram = LOADADDR (.data)
                0x00000080                __cy_region_init_size_ram = (_edata - ADDR (.data))
                0x00000070                __cy_region_zero_size_ram = (_end - _edata)

.heap           0x200001b8       0x80 load address 0x00001b00
                0x200001b8                . = _end
                0x20000238                . = (. + 0x80)
 *fill*         0x200001b8       0x80 
                0x20000238                __cy_heap_limit = .

.stack          0x20000c00      0x400
                0x20000c00                __cy_stack_limit = .
                0x20001000                . = (. + 0x400)
 *fill*         0x20000c00      0x400 
                0x00000001                ASSERT ((__cy_stack_limit >= __cy_heap_limit), region RAM overflowed with stack)
                0x00000000                cy_checksum_exclude_size = (CY_APPL_LOADABLE == 0x1)?SIZEOF (.cy_checksum_exclude):0x0
                0x00000001                ASSERT ((cy_checksum_exclude_size <= CY_CHECKSUM_EXCLUDE_SIZE), CY_BOOT: Section .cy_checksum_exclude size exceedes specified limit.)
                0x00007fc0                cyloadermeta_start = (cy_project_type_bootloader || cy_project_type_app_for_stack_and_copier)?(LENGTH (rom) - CY_METADATA_SIZE):0xf0000000

.cyloadermeta
 *(.cyloadermeta)
                0x00007fc0                cyloadablemeta_start = cy_project_type_app_for_stack_and_copier?((LENGTH (rom) - CY_FLASH_ROW_SIZE) - CY_METADATA_SIZE):((LENGTH (rom) - (CY_FLASH_ROW_SIZE * (CY_APPL_NUM - 0x1))) - CY_METADATA_SIZE)

.cyloadablemeta
 *(.cyloadablemeta)

.cyflashprotect
                0x90400000       0x20
 *(.cyflashprotect)
 .cyflashprotect
                0x90400000       0x20 .\CortexM0\ARM_GCC_541\Debug\cymetadata.o
                0x90400000                cy_meta_flashprotect

.cymeta         0x90500000        0xc
 *(.cymeta)
 .cymeta        0x90500000        0xc .\CortexM0\ARM_GCC_541\Debug\cymetadata.o
                0x90500000                cy_metadata

.cychipprotect  0x90600000        0x1
 *(.cychipprotect)
 .cychipprotect
                0x90600000        0x1 .\CortexM0\ARM_GCC_541\Debug\cymetadata.o
                0x90600000                cy_meta_chipprotect

.rel.dyn        0x00001b00        0x0 load address 0x90600004
 .rel.iplt      0x00001b00        0x0 c:/program files (x86)/cypress/psoc creator/4.2/psoc creator/import/gnu/arm/5.4.1/bin/../lib/gcc/arm-none-eabi/5.4.1/armv6-m/crtbegin.o

.stab
 *(.stab)

.stabstr
 *(.stabstr)

.debug
 *(.debug)

.line
 *(.line)

.debug_srcinfo
 *(.debug_srcinfo)

.debug_sfnames
 *(.debug_sfnames)

.debug_aranges  0x00000000      0x6d8
 *(.debug_aranges)
 .debug_aranges
                0x00000000       0x20 .\CortexM0\ARM_GCC_541\Debug\main.o
 .debug_aranges
                0x00000020       0x20 .\CortexM0\ARM_GCC_541\Debug\i2c.o
 .debug_aranges
                0x00000040       0x48 .\CortexM0\ARM_GCC_541\Debug\cyfitter_cfg.o
 .debug_aranges
                0x00000088       0x18 .\CortexM0\ARM_GCC_541\Debug\cymetadata.o
 .debug_aranges
                0x000000a0       0x48 .\CortexM0\ARM_GCC_541\Debug\Cm0Start.o
 .debug_aranges
                0x000000e8      0x180 .\CortexM0\ARM_GCC_541\Debug\Design01.a(CyLib.o)
 .debug_aranges
                0x00000268      0x138 .\CortexM0\ARM_GCC_541\Debug\Design01.a(CyLFClk.o)
 .debug_aranges
                0x000003a0       0x70 .\CortexM0\ARM_GCC_541\Debug\Design01.a(I2C_1.o)
 .debug_aranges
                0x00000410       0x30 .\CortexM0\ARM_GCC_541\Debug\Design01.a(I2C_1_I2C.o)
 .debug_aranges
                0x00000440       0x98 .\CortexM0\ARM_GCC_541\Debug\Design01.a(I2C_1_I2C_MASTER.o)
 .debug_aranges
                0x000004d8       0x48 .\CortexM0\ARM_GCC_541\Debug\Design01.a(I2C_1_sda.o)
 .debug_aranges
                0x00000520       0x48 .\CortexM0\ARM_GCC_541\Debug\Design01.a(I2C_1_scl.o)
 .debug_aranges
                0x00000568       0x68 .\CortexM0\ARM_GCC_541\Debug\Design01.a(UART_1.o)
 .debug_aranges
                0x000005d0       0x60 .\CortexM0\ARM_GCC_541\Debug\Design01.a(UART_1_SPI_UART.o)
 .debug_aranges
                0x00000630       0x68 .\CortexM0\ARM_GCC_541\Debug\Design01.a(UART_1_UART.o)
 .debug_aranges
                0x00000698       0x20 .\CortexM0\ARM_GCC_541\Debug\Design01.a(CyBootAsmGnu.o)
 .debug_aranges
                0x000006b8       0x20 .\CortexM0\ARM_GCC_541\Debug\Design01.a(I2C_1_I2C_INT.o)

.debug_pubnames
 *(.debug_pubnames)

.debug_info     0x00000000     0x2eb4
 *(.debug_info .gnu.linkonce.wi.*)
 .debug_info    0x00000000       0xe9 .\CortexM0\ARM_GCC_541\Debug\main.o
 .debug_info    0x000000e9      0x157 .\CortexM0\ARM_GCC_541\Debug\i2c.o
 .debug_info    0x00000240      0x258 .\CortexM0\ARM_GCC_541\Debug\cyfitter_cfg.o
 .debug_info    0x00000498       0xf8 .\CortexM0\ARM_GCC_541\Debug\cymetadata.o
 .debug_info    0x00000590      0x312 .\CortexM0\ARM_GCC_541\Debug\Cm0Start.o
 .debug_info    0x000008a2      0x8e0 .\CortexM0\ARM_GCC_541\Debug\Design01.a(CyLib.o)
 .debug_info    0x00001182      0x81f .\CortexM0\ARM_GCC_541\Debug\Design01.a(CyLFClk.o)
 .debug_info    0x000019a1      0x1fd .\CortexM0\ARM_GCC_541\Debug\Design01.a(I2C_1.o)
 .debug_info    0x00001b9e      0x135 .\CortexM0\ARM_GCC_541\Debug\Design01.a(I2C_1_I2C.o)
 .debug_info    0x00001cd3      0x61e .\CortexM0\ARM_GCC_541\Debug\Design01.a(I2C_1_I2C_MASTER.o)
 .debug_info    0x000022f1      0x19a .\CortexM0\ARM_GCC_541\Debug\Design01.a(I2C_1_sda.o)
 .debug_info    0x0000248b      0x19a .\CortexM0\ARM_GCC_541\Debug\Design01.a(I2C_1_scl.o)
 .debug_info    0x00002625      0x1dc .\CortexM0\ARM_GCC_541\Debug\Design01.a(UART_1.o)
 .debug_info    0x00002801      0x218 .\CortexM0\ARM_GCC_541\Debug\Design01.a(UART_1_SPI_UART.o)
 .debug_info    0x00002a19      0x27b .\CortexM0\ARM_GCC_541\Debug\Design01.a(UART_1_UART.o)
 .debug_info    0x00002c94       0x8e .\CortexM0\ARM_GCC_541\Debug\Design01.a(CyBootAsmGnu.o)
 .debug_info    0x00002d22      0x192 .\CortexM0\ARM_GCC_541\Debug\Design01.a(I2C_1_I2C_INT.o)

.debug_abbrev   0x00000000      0xfe2
 *(.debug_abbrev)
 .debug_abbrev  0x00000000       0x72 .\CortexM0\ARM_GCC_541\Debug\main.o
 .debug_abbrev  0x00000072       0x99 .\CortexM0\ARM_GCC_541\Debug\i2c.o
 .debug_abbrev  0x0000010b      0x136 .\CortexM0\ARM_GCC_541\Debug\cyfitter_cfg.o
 .debug_abbrev  0x00000241       0x5d .\CortexM0\ARM_GCC_541\Debug\cymetadata.o
 .debug_abbrev  0x0000029e      0x1c8 .\CortexM0\ARM_GCC_541\Debug\Cm0Start.o
 .debug_abbrev  0x00000466      0x1a7 .\CortexM0\ARM_GCC_541\Debug\Design01.a(CyLib.o)
 .debug_abbrev  0x0000060d      0x1e0 .\CortexM0\ARM_GCC_541\Debug\Design01.a(CyLFClk.o)
 .debug_abbrev  0x000007ed       0xf3 .\CortexM0\ARM_GCC_541\Debug\Design01.a(I2C_1.o)
 .debug_abbrev  0x000008e0       0x90 .\CortexM0\ARM_GCC_541\Debug\Design01.a(I2C_1_I2C.o)
 .debug_abbrev  0x00000970      0x162 .\CortexM0\ARM_GCC_541\Debug\Design01.a(I2C_1_I2C_MASTER.o)
 .debug_abbrev  0x00000ad2       0xaa .\CortexM0\ARM_GCC_541\Debug\Design01.a(I2C_1_sda.o)
 .debug_abbrev  0x00000b7c       0xaa .\CortexM0\ARM_GCC_541\Debug\Design01.a(I2C_1_scl.o)
 .debug_abbrev  0x00000c26       0xe3 .\CortexM0\ARM_GCC_541\Debug\Design01.a(UART_1.o)
 .debug_abbrev  0x00000d09      0x140 .\CortexM0\ARM_GCC_541\Debug\Design01.a(UART_1_SPI_UART.o)
 .debug_abbrev  0x00000e49       0xfd .\CortexM0\ARM_GCC_541\Debug\Design01.a(UART_1_UART.o)
 .debug_abbrev  0x00000f46       0x14 .\CortexM0\ARM_GCC_541\Debug\Design01.a(CyBootAsmGnu.o)
 .debug_abbrev  0x00000f5a       0x88 .\CortexM0\ARM_GCC_541\Debug\Design01.a(I2C_1_I2C_INT.o)

.debug_line     0x00000000     0x1b3b
 *(.debug_line)
 .debug_line    0x00000000       0x8b .\CortexM0\ARM_GCC_541\Debug\main.o
 .debug_line    0x0000008b       0x86 .\CortexM0\ARM_GCC_541\Debug\i2c.o
 .debug_line    0x00000111      0x168 .\CortexM0\ARM_GCC_541\Debug\cyfitter_cfg.o
 .debug_line    0x00000279      0x141 .\CortexM0\ARM_GCC_541\Debug\cymetadata.o
 .debug_line    0x000003ba      0x1cf .\CortexM0\ARM_GCC_541\Debug\Cm0Start.o
 .debug_line    0x00000589      0x47b .\CortexM0\ARM_GCC_541\Debug\Design01.a(CyLib.o)
 .debug_line    0x00000a04      0x504 .\CortexM0\ARM_GCC_541\Debug\Design01.a(CyLFClk.o)
 .debug_line    0x00000f08      0x13d .\CortexM0\ARM_GCC_541\Debug\Design01.a(I2C_1.o)
 .debug_line    0x00001045       0xbc .\CortexM0\ARM_GCC_541\Debug\Design01.a(I2C_1_I2C.o)
 .debug_line    0x00001101      0x2f5 .\CortexM0\ARM_GCC_541\Debug\Design01.a(I2C_1_I2C_MASTER.o)
 .debug_line    0x000013f6       0xc1 .\CortexM0\ARM_GCC_541\Debug\Design01.a(I2C_1_sda.o)
 .debug_line    0x000014b7       0xc1 .\CortexM0\ARM_GCC_541\Debug\Design01.a(I2C_1_scl.o)
 .debug_line    0x00001578      0x126 .\CortexM0\ARM_GCC_541\Debug\Design01.a(UART_1.o)
 .debug_line    0x0000169e      0x125 .\CortexM0\ARM_GCC_541\Debug\Design01.a(UART_1_SPI_UART.o)
 .debug_line    0x000017c3      0x163 .\CortexM0\ARM_GCC_541\Debug\Design01.a(UART_1_UART.o)
 .debug_line    0x00001926       0x69 .\CortexM0\ARM_GCC_541\Debug\Design01.a(CyBootAsmGnu.o)
 .debug_line    0x0000198f      0x1ac .\CortexM0\ARM_GCC_541\Debug\Design01.a(I2C_1_I2C_INT.o)

.debug_frame    0x00000000     0x1670
 *(.debug_frame)
 .debug_frame   0x00000000       0x34 .\CortexM0\ARM_GCC_541\Debug\main.o
 .debug_frame   0x00000034       0x30 .\CortexM0\ARM_GCC_541\Debug\i2c.o
 .debug_frame   0x00000064       0xc8 .\CortexM0\ARM_GCC_541\Debug\cyfitter_cfg.o
 .debug_frame   0x0000012c       0xc8 .\CortexM0\ARM_GCC_541\Debug\Cm0Start.o
 .debug_frame   0x000001f4      0x588 .\CortexM0\ARM_GCC_541\Debug\Design01.a(CyLib.o)
 .debug_frame   0x0000077c      0x480 .\CortexM0\ARM_GCC_541\Debug\Design01.a(CyLFClk.o)
 .debug_frame   0x00000bfc      0x150 .\CortexM0\ARM_GCC_541\Debug\Design01.a(I2C_1.o)
 .debug_frame   0x00000d4c       0x64 .\CortexM0\ARM_GCC_541\Debug\Design01.a(I2C_1_I2C.o)
 .debug_frame   0x00000db0      0x200 .\CortexM0\ARM_GCC_541\Debug\Design01.a(I2C_1_I2C_MASTER.o)
 .debug_frame   0x00000fb0       0xc8 .\CortexM0\ARM_GCC_541\Debug\Design01.a(I2C_1_sda.o)
 .debug_frame   0x00001078       0xc8 .\CortexM0\ARM_GCC_541\Debug\Design01.a(I2C_1_scl.o)
 .debug_frame   0x00001140      0x130 .\CortexM0\ARM_GCC_541\Debug\Design01.a(UART_1.o)
 .debug_frame   0x00001270      0x128 .\CortexM0\ARM_GCC_541\Debug\Design01.a(UART_1_SPI_UART.o)
 .debug_frame   0x00001398      0x144 .\CortexM0\ARM_GCC_541\Debug\Design01.a(UART_1_UART.o)
 .debug_frame   0x000014dc       0x30 .\CortexM0\ARM_GCC_541\Debug\Design01.a(I2C_1_I2C_INT.o)
 .debug_frame   0x0000150c       0x20 c:/program files (x86)/cypress/psoc creator/4.2/psoc creator/import/gnu/arm/5.4.1/bin/../lib/gcc/arm-none-eabi/5.4.1/armv6-m\libgcc.a(_udivsi3.o)
 .debug_frame   0x0000152c       0x20 c:/program files (x86)/cypress/psoc creator/4.2/psoc creator/import/gnu/arm/5.4.1/bin/../lib/gcc/arm-none-eabi/5.4.1/../../../../arm-none-eabi/lib/armv6-m\libg_nano.a(lib_a-errno.o)
 .debug_frame   0x0000154c       0x28 c:/program files (x86)/cypress/psoc creator/4.2/psoc creator/import/gnu/arm/5.4.1/bin/../lib/gcc/arm-none-eabi/5.4.1/../../../../arm-none-eabi/lib/armv6-m\libg_nano.a(lib_a-exit.o)
 .debug_frame   0x00001574       0x2c c:/program files (x86)/cypress/psoc creator/4.2/psoc creator/import/gnu/arm/5.4.1/bin/../lib/gcc/arm-none-eabi/5.4.1/../../../../arm-none-eabi/lib/armv6-m\libg_nano.a(lib_a-init.o)
 .debug_frame   0x000015a0       0x40 c:/program files (x86)/cypress/psoc creator/4.2/psoc creator/import/gnu/arm/5.4.1/bin/../lib/gcc/arm-none-eabi/5.4.1/../../../../arm-none-eabi/lib/armv6-m\libg_nano.a(lib_a-itoa.o)
 .debug_frame   0x000015e0       0x28 c:/program files (x86)/cypress/psoc creator/4.2/psoc creator/import/gnu/arm/5.4.1/bin/../lib/gcc/arm-none-eabi/5.4.1/../../../../arm-none-eabi/lib/armv6-m\libg_nano.a(lib_a-memcpy-stub.o)
 .debug_frame   0x00001608       0x20 c:/program files (x86)/cypress/psoc creator/4.2/psoc creator/import/gnu/arm/5.4.1/bin/../lib/gcc/arm-none-eabi/5.4.1/../../../../arm-none-eabi/lib/armv6-m\libg_nano.a(lib_a-memset.o)
 .debug_frame   0x00001628       0x48 c:/program files (x86)/cypress/psoc creator/4.2/psoc creator/import/gnu/arm/5.4.1/bin/../lib/gcc/arm-none-eabi/5.4.1/../../../../arm-none-eabi/lib/armv6-m\libg_nano.a(lib_a-utoa.o)

.debug_str      0x00000000     0x1806
 *(.debug_str)
 .debug_str     0x00000000      0x159 .\CortexM0\ARM_GCC_541\Debug\main.o
                                0x19e (size before relaxing)
 .debug_str     0x00000159       0x86 .\CortexM0\ARM_GCC_541\Debug\i2c.o
                                0x1d1 (size before relaxing)
 .debug_str     0x000001df       0xa9 .\CortexM0\ARM_GCC_541\Debug\cyfitter_cfg.o
                                0x243 (size before relaxing)
 .debug_str     0x00000288       0x63 .\CortexM0\ARM_GCC_541\Debug\cymetadata.o
                                0x1c6 (size before relaxing)
 .debug_str     0x000002eb      0x11f .\CortexM0\ARM_GCC_541\Debug\Cm0Start.o
                                0x2cc (size before relaxing)
 .debug_str     0x0000040a      0x4cc .\CortexM0\ARM_GCC_541\Debug\Design01.a(CyLib.o)
                                0x679 (size before relaxing)
 .debug_str     0x000008d6      0x530 .\CortexM0\ARM_GCC_541\Debug\Design01.a(CyLFClk.o)
                                0x6fd (size before relaxing)
 .debug_str     0x00000e06      0x13a .\CortexM0\ARM_GCC_541\Debug\Design01.a(I2C_1.o)
                                0x2c6 (size before relaxing)
 .debug_str     0x00000f40       0x9c .\CortexM0\ARM_GCC_541\Debug\Design01.a(I2C_1_I2C.o)
                                0x22f (size before relaxing)
 .debug_str     0x00000fdc      0x2db .\CortexM0\ARM_GCC_541\Debug\Design01.a(I2C_1_I2C_MASTER.o)
                                0x4c1 (size before relaxing)
 .debug_str     0x000012b7       0xc7 .\CortexM0\ARM_GCC_541\Debug\Design01.a(I2C_1_sda.o)
                                0x250 (size before relaxing)
 .debug_str     0x0000137e       0xa3 .\CortexM0\ARM_GCC_541\Debug\Design01.a(I2C_1_scl.o)
                                0x250 (size before relaxing)
 .debug_str     0x00001421       0xff .\CortexM0\ARM_GCC_541\Debug\Design01.a(UART_1.o)
                                0x2ae (size before relaxing)
 .debug_str     0x00001520      0x149 .\CortexM0\ARM_GCC_541\Debug\Design01.a(UART_1_SPI_UART.o)
                                0x2e0 (size before relaxing)
 .debug_str     0x00001669      0x152 .\CortexM0\ARM_GCC_541\Debug\Design01.a(UART_1_UART.o)
                                0x307 (size before relaxing)
 .debug_str     0x000017bb       0x4b .\CortexM0\ARM_GCC_541\Debug\Design01.a(I2C_1_I2C_INT.o)
                                0x2c2 (size before relaxing)

.debug_loc
 *(.debug_loc)

.debug_macinfo
 *(.debug_macinfo)

.debug_ranges   0x00000000      0x5b0
 *(.debug_ranges)
 .debug_ranges  0x00000000       0x10 .\CortexM0\ARM_GCC_541\Debug\main.o
 .debug_ranges  0x00000010       0x10 .\CortexM0\ARM_GCC_541\Debug\i2c.o
 .debug_ranges  0x00000020       0x38 .\CortexM0\ARM_GCC_541\Debug\cyfitter_cfg.o
 .debug_ranges  0x00000058       0x38 .\CortexM0\ARM_GCC_541\Debug\Cm0Start.o
 .debug_ranges  0x00000090      0x170 .\CortexM0\ARM_GCC_541\Debug\Design01.a(CyLib.o)
 .debug_ranges  0x00000200      0x128 .\CortexM0\ARM_GCC_541\Debug\Design01.a(CyLFClk.o)
 .debug_ranges  0x00000328       0x60 .\CortexM0\ARM_GCC_541\Debug\Design01.a(I2C_1.o)
 .debug_ranges  0x00000388       0x20 .\CortexM0\ARM_GCC_541\Debug\Design01.a(I2C_1_I2C.o)
 .debug_ranges  0x000003a8       0x88 .\CortexM0\ARM_GCC_541\Debug\Design01.a(I2C_1_I2C_MASTER.o)
 .debug_ranges  0x00000430       0x38 .\CortexM0\ARM_GCC_541\Debug\Design01.a(I2C_1_sda.o)
 .debug_ranges  0x00000468       0x38 .\CortexM0\ARM_GCC_541\Debug\Design01.a(I2C_1_scl.o)
 .debug_ranges  0x000004a0       0x58 .\CortexM0\ARM_GCC_541\Debug\Design01.a(UART_1.o)
 .debug_ranges  0x000004f8       0x50 .\CortexM0\ARM_GCC_541\Debug\Design01.a(UART_1_SPI_UART.o)
 .debug_ranges  0x00000548       0x58 .\CortexM0\ARM_GCC_541\Debug\Design01.a(UART_1_UART.o)
 .debug_ranges  0x000005a0       0x10 .\CortexM0\ARM_GCC_541\Debug\Design01.a(I2C_1_I2C_INT.o)

.comment        0x00000000       0x6e
 .comment       0x00000000       0x6e .\CortexM0\ARM_GCC_541\Debug\main.o
                                 0x6f (size before relaxing)
 .comment       0x0000006e       0x6f .\CortexM0\ARM_GCC_541\Debug\i2c.o
 .comment       0x0000006e       0x6f .\CortexM0\ARM_GCC_541\Debug\cyfitter_cfg.o
 .comment       0x0000006e       0x6f .\CortexM0\ARM_GCC_541\Debug\cymetadata.o
 .comment       0x0000006e       0x6f .\CortexM0\ARM_GCC_541\Debug\Cm0Start.o
 .comment       0x0000006e       0x6f .\CortexM0\ARM_GCC_541\Debug\Design01.a(CyLib.o)
 .comment       0x0000006e       0x6f .\CortexM0\ARM_GCC_541\Debug\Design01.a(CyLFClk.o)
 .comment       0x0000006e       0x6f .\CortexM0\ARM_GCC_541\Debug\Design01.a(I2C_1.o)
 .comment       0x0000006e       0x6f .\CortexM0\ARM_GCC_541\Debug\Design01.a(I2C_1_I2C.o)
 .comment       0x0000006e       0x6f .\CortexM0\ARM_GCC_541\Debug\Design01.a(I2C_1_I2C_MASTER.o)
 .comment       0x0000006e       0x6f .\CortexM0\ARM_GCC_541\Debug\Design01.a(I2C_1_sda.o)
 .comment       0x0000006e       0x6f .\CortexM0\ARM_GCC_541\Debug\Design01.a(I2C_1_scl.o)
 .comment       0x0000006e       0x6f .\CortexM0\ARM_GCC_541\Debug\Design01.a(UART_1.o)
 .comment       0x0000006e       0x6f .\CortexM0\ARM_GCC_541\Debug\Design01.a(UART_1_SPI_UART.o)
 .comment       0x0000006e       0x6f .\CortexM0\ARM_GCC_541\Debug\Design01.a(UART_1_UART.o)
 .comment       0x0000006e       0x6f .\CortexM0\ARM_GCC_541\Debug\Design01.a(I2C_1_I2C_INT.o)

.debug_weaknames
 *(.debug_weaknames)

.debug_funcnames
 *(.debug_funcnames)

.debug_typenames
 *(.debug_typenames)

.debug_varnames
 *(.debug_varnames)

.note.gnu.arm.ident
 *(.note.gnu.arm.ident)

.ARM.attributes
                0x00000000       0x28
 *(.ARM.attributes)
 .ARM.attributes
                0x00000000       0x1e c:/program files (x86)/cypress/psoc creator/4.2/psoc creator/import/gnu/arm/5.4.1/bin/../lib/gcc/arm-none-eabi/5.4.1/armv6-m/crti.o
 .ARM.attributes
                0x0000001e       0x2c c:/program files (x86)/cypress/psoc creator/4.2/psoc creator/import/gnu/arm/5.4.1/bin/../lib/gcc/arm-none-eabi/5.4.1/armv6-m/crtbegin.o
 .ARM.attributes
                0x0000004a       0x1b c:/program files (x86)/cypress/psoc creator/4.2/psoc creator/import/gnu/arm/5.4.1/bin/../lib/gcc/arm-none-eabi/5.4.1/../../../../arm-none-eabi/lib/armv6-m/crt0.o
 .ARM.attributes
                0x00000065       0x31 .\CortexM0\ARM_GCC_541\Debug\main.o
 .ARM.attributes
                0x00000096       0x31 .\CortexM0\ARM_GCC_541\Debug\i2c.o
 .ARM.attributes
                0x000000c7       0x31 .\CortexM0\ARM_GCC_541\Debug\cyfitter_cfg.o
 .ARM.attributes
                0x000000f8       0x31 .\CortexM0\ARM_GCC_541\Debug\cymetadata.o
 .ARM.attributes
                0x00000129       0x31 .\CortexM0\ARM_GCC_541\Debug\Cm0Start.o
 .ARM.attributes
                0x0000015a       0x31 .\CortexM0\ARM_GCC_541\Debug\Design01.a(CyLib.o)
 .ARM.attributes
                0x0000018b       0x31 .\CortexM0\ARM_GCC_541\Debug\Design01.a(CyLFClk.o)
 .ARM.attributes
                0x000001bc       0x31 .\CortexM0\ARM_GCC_541\Debug\Design01.a(I2C_1.o)
 .ARM.attributes
                0x000001ed       0x31 .\CortexM0\ARM_GCC_541\Debug\Design01.a(I2C_1_I2C.o)
 .ARM.attributes
                0x0000021e       0x31 .\CortexM0\ARM_GCC_541\Debug\Design01.a(I2C_1_I2C_MASTER.o)
 .ARM.attributes
                0x0000024f       0x31 .\CortexM0\ARM_GCC_541\Debug\Design01.a(I2C_1_sda.o)
 .ARM.attributes
                0x00000280       0x31 .\CortexM0\ARM_GCC_541\Debug\Design01.a(I2C_1_scl.o)
 .ARM.attributes
                0x000002b1       0x31 .\CortexM0\ARM_GCC_541\Debug\Design01.a(UART_1.o)
 .ARM.attributes
                0x000002e2       0x31 .\CortexM0\ARM_GCC_541\Debug\Design01.a(UART_1_SPI_UART.o)
 .ARM.attributes
                0x00000313       0x31 .\CortexM0\ARM_GCC_541\Debug\Design01.a(UART_1_UART.o)
 .ARM.attributes
                0x00000344       0x21 .\CortexM0\ARM_GCC_541\Debug\Design01.a(CyBootAsmGnu.o)
 .ARM.attributes
                0x00000365       0x31 .\CortexM0\ARM_GCC_541\Debug\Design01.a(I2C_1_I2C_INT.o)
 .ARM.attributes
                0x00000396       0x1e c:/program files (x86)/cypress/psoc creator/4.2/psoc creator/import/gnu/arm/5.4.1/bin/../lib/gcc/arm-none-eabi/5.4.1/armv6-m\libgcc.a(_udivsi3.o)
 .ARM.attributes
                0x000003b4       0x1e c:/program files (x86)/cypress/psoc creator/4.2/psoc creator/import/gnu/arm/5.4.1/bin/../lib/gcc/arm-none-eabi/5.4.1/armv6-m\libgcc.a(_dvmd_tls.o)
 .ARM.attributes
                0x000003d2       0x2c c:/program files (x86)/cypress/psoc creator/4.2/psoc creator/import/gnu/arm/5.4.1/bin/../lib/gcc/arm-none-eabi/5.4.1/../../../../arm-none-eabi/lib/armv6-m\libg_nano.a(lib_a-errno.o)
 .ARM.attributes
                0x000003fe       0x2c c:/program files (x86)/cypress/psoc creator/4.2/psoc creator/import/gnu/arm/5.4.1/bin/../lib/gcc/arm-none-eabi/5.4.1/../../../../arm-none-eabi/lib/armv6-m\libg_nano.a(lib_a-exit.o)
 .ARM.attributes
                0x0000042a       0x2c c:/program files (x86)/cypress/psoc creator/4.2/psoc creator/import/gnu/arm/5.4.1/bin/../lib/gcc/arm-none-eabi/5.4.1/../../../../arm-none-eabi/lib/armv6-m\libg_nano.a(lib_a-impure.o)
 .ARM.attributes
                0x00000456       0x2c c:/program files (x86)/cypress/psoc creator/4.2/psoc creator/import/gnu/arm/5.4.1/bin/../lib/gcc/arm-none-eabi/5.4.1/../../../../arm-none-eabi/lib/armv6-m\libg_nano.a(lib_a-init.o)
 .ARM.attributes
                0x00000482       0x2c c:/program files (x86)/cypress/psoc creator/4.2/psoc creator/import/gnu/arm/5.4.1/bin/../lib/gcc/arm-none-eabi/5.4.1/../../../../arm-none-eabi/lib/armv6-m\libg_nano.a(lib_a-itoa.o)
 .ARM.attributes
                0x000004ae       0x2c c:/program files (x86)/cypress/psoc creator/4.2/psoc creator/import/gnu/arm/5.4.1/bin/../lib/gcc/arm-none-eabi/5.4.1/../../../../arm-none-eabi/lib/armv6-m\libg_nano.a(lib_a-memcpy-stub.o)
 .ARM.attributes
                0x000004da       0x2c c:/program files (x86)/cypress/psoc creator/4.2/psoc creator/import/gnu/arm/5.4.1/bin/../lib/gcc/arm-none-eabi/5.4.1/../../../../arm-none-eabi/lib/armv6-m\libg_nano.a(lib_a-memset.o)
 .ARM.attributes
                0x00000506       0x2c c:/program files (x86)/cypress/psoc creator/4.2/psoc creator/import/gnu/arm/5.4.1/bin/../lib/gcc/arm-none-eabi/5.4.1/../../../../arm-none-eabi/lib/armv6-m\libg_nano.a(lib_a-utoa.o)
 .ARM.attributes
                0x00000532       0x2c c:/program files (x86)/cypress/psoc creator/4.2/psoc creator/import/gnu/arm/5.4.1/bin/../lib/gcc/arm-none-eabi/5.4.1/armv6-m/crtend.o
 .ARM.attributes
                0x0000055e       0x1e c:/program files (x86)/cypress/psoc creator/4.2/psoc creator/import/gnu/arm/5.4.1/bin/../lib/gcc/arm-none-eabi/5.4.1/armv6-m/crtn.o

/DISCARD/
 *(.note.GNU-stack)
OUTPUT(C:\Users\11800025\Documents\PSoC Creator\MCP9808_Temp\Design01.cydsn\CortexM0\ARM_GCC_541\Debug\Design01.elf elf32-littlearm)
